---
source: src/query.rs
description: "Lint `declarative_macro_missing` did not have the expected witness output.\nSee https://github.com/obi1kenobi/cargo-semver-checks/blob/main/CONTRIBUTING.md#testing-witnesses\nfor more information."
expression: "&actual_witnesses"
snapshot_kind: text
---
[["./test_crates/declarative_macro_missing/"]]
filename = 'src/lib.rs'
begin_line = 4
hint = 'will_be_removed!(...);'

[["./test_crates/macro_no_longer_exported/"]]
filename = 'src/lib.rs'
begin_line = 11
hint = 'will_be_hidden_and_not_exported!(...);'
