---
source: src/query.rs
description: "Lint `enum_struct_variant_field_marked_deprecated` did not have the expected witness output.\nSee https://github.com/obi1kenobi/cargo-semver-checks/blob/main/CONTRIBUTING.md#testing-witnesses\nfor more information."
---
[["./test_crates/enum_struct_variant_field_marked_deprecated/"]]
filename = "src/lib.rs"
begin_line = 9
hint = """
match value {
    enum_struct_variant_field_marked_deprecated::NormalEnum::StructVariant { field_to_be_deprecated, .. } => (),
    _ => (),
}"""

[["./test_crates/enum_struct_variant_field_marked_deprecated/"]]
filename = "src/lib.rs"
begin_line = 12
hint = """
match value {
    enum_struct_variant_field_marked_deprecated::NormalEnum::StructVariant { field_to_be_deprecated_with_message, .. } => (),
    _ => (),
}"""

[["./test_crates/enum_struct_variant_field_marked_deprecated/"]]
filename = "src/lib.rs"
begin_line = 112
hint = """
match value {
    enum_struct_variant_field_marked_deprecated::EnumWithAlreadyDeprecatedField::StructVariant { field_to_be_deprecated, .. } => (),
    _ => (),
}"""
