---
source: src/query.rs
description: "Lint `enum_tuple_variant_changed_kind` did not have the expected witness output.\nSee https://github.com/obi1kenobi/cargo-semver-checks/blob/main/CONTRIBUTING.md#testing-witnesses\nfor more information."
---
[["./test_crates/enum_non_exhaustive_tuple_variant_changed_kind/"]]
filename = "src/lib.rs"
begin_line = 38
hint = """
match value {
    enum_non_exhaustive_tuple_variant_changed_kind::TestStructExhaustive::WillBecomeStructLike(..) => (),
    _ => (),
}"""

[["./test_crates/enum_non_exhaustive_tuple_variant_changed_kind/"]]
filename = "src/lib.rs"
begin_line = 42
hint = """
match value {
    enum_non_exhaustive_tuple_variant_changed_kind::TestUnitExhaustive::WillBecomeUnitLike(..) => (),
    _ => (),
}"""

[["./test_crates/enum_non_exhaustive_tuple_variant_changed_kind/"]]
filename = "src/lib.rs"
begin_line = 46
hint = """
match value {
    enum_non_exhaustive_tuple_variant_changed_kind::MultipleTestExhaustive::WillBecomeStructLike(..) => (),
    _ => (),
}"""

[["./test_crates/enum_non_exhaustive_tuple_variant_changed_kind/"]]
filename = "src/lib.rs"
begin_line = 47
hint = """
match value {
    enum_non_exhaustive_tuple_variant_changed_kind::MultipleTestExhaustive::WillBecomeUnitLike(..) => (),
    _ => (),
}"""

[["./test_crates/enum_tuple_variant_changed_kind/"]]
filename = "src/lib.rs"
begin_line = 5
hint = """
match value {
    enum_tuple_variant_changed_kind::TestStruct::WillBecomeStructLike(..) => (),
    _ => (),
}"""

[["./test_crates/enum_tuple_variant_changed_kind/"]]
filename = "src/lib.rs"
begin_line = 9
hint = """
match value {
    enum_tuple_variant_changed_kind::TestUnit::WillBecomeUnitLike(..) => (),
    _ => (),
}"""

[["./test_crates/enum_tuple_variant_changed_kind/"]]
filename = "src/lib.rs"
begin_line = 13
hint = """
match value {
    enum_tuple_variant_changed_kind::MultipleTest::WillBecomeStructLike(..) => (),
    _ => (),
}"""

[["./test_crates/enum_tuple_variant_changed_kind/"]]
filename = "src/lib.rs"
begin_line = 14
hint = """
match value {
    enum_tuple_variant_changed_kind::MultipleTest::WillBecomeUnitLike(..) => (),
    _ => (),
}"""

[["./test_crates/enum_tuple_variant_changed_kind/"]]
filename = "src/lib.rs"
begin_line = 20
hint = """
match value {
    enum_tuple_variant_changed_kind::TestBecomeDocHidden::WillBecomeStructLike(..) => (),
    _ => (),
}"""

[["./test_crates/enum_tuple_variant_changed_kind/"]]
filename = "src/lib.rs"
begin_line = 25
hint = """
match value {
    enum_tuple_variant_changed_kind::TestBecomeNonExhaustive::WillBecomeStructLike(..) => (),
    _ => (),
}"""

[["./test_crates/enum_tuple_variant_field_missing/"]]
filename = "src/lib.rs"
begin_line = 7
hint = """
match value {
    enum_tuple_variant_field_missing::PublicEnum::TupleVariantBecomesPlain(..) => (),
    _ => (),
}"""

[["./test_crates/enum_tuple_variant_field_missing/"]]
filename = "src/lib.rs"
begin_line = 9
hint = """
match value {
    enum_tuple_variant_field_missing::PublicEnum::TupleVariantBecomesStruct(..) => (),
    _ => (),
}"""
