---
source: src/query.rs
description: "Lint `function_now_variadic` did not have the expected witness output.\nSee https://github.com/obi1kenobi/cargo-semver-checks/blob/main/CONTRIBUTING.md#testing-witnesses\nfor more information."
---
[["./test_crates/function_no_longer_variadic/"]]
filename = "src/lib.rs"
begin_line = 87
hint = """
let _: unsafe extern "C" fn(
    _
) -> _ = function_no_longer_variadic::opposite_direction;
"""

[["./test_crates/function_now_variadic/"]]
filename = "src/lib.rs"
begin_line = 9
hint = """
let _: unsafe extern "C" fn(
) -> _ = function_now_variadic::no_fixed_definition;
"""

[["./test_crates/function_now_variadic/"]]
filename = "src/lib.rs"
begin_line = 10
hint = """
let _: unsafe extern "C" fn(
    _
) -> _ = function_now_variadic::fixed_definition;
"""

[["./test_crates/function_now_variadic/"]]
filename = "src/lib.rs"
begin_line = 11
hint = """
let _: unsafe extern "C-unwind" fn(
    _
) -> _ = function_now_variadic::unwind_definition;
"""

[["./test_crates/function_now_variadic/"]]
filename = "src/lib.rs"
begin_line = 15
hint = """
let _: unsafe extern "C" fn(
    _
) -> _ = function_now_variadic::added_fixed_parameter;
"""

[["./test_crates/function_now_variadic/"]]
filename = "src/lib.rs"
begin_line = 18
hint = """
let _: unsafe extern "C" fn(
    _,
    _
) -> _ = function_now_variadic::removed_fixed_parameter;
"""

[["./test_crates/function_now_variadic/"]]
filename = "src/lib.rs"
begin_line = 36
hint = """
let _: unsafe extern "C" fn(
    _
) -> _ = function_now_variadic::provided_by_downstream;
"""

[["./test_crates/function_now_variadic/"]]
filename = "src/lib.rs"
begin_line = 37
hint = """
let _: unsafe extern "C" fn(
    _
) -> _ = function_now_variadic::explicit_unsafe_declaration;
"""

[["./test_crates/function_now_variadic/"]]
filename = "src/lib.rs"
begin_line = 38
hint = """
let _: unsafe extern "C" fn(
    _
) -> _ = function_now_variadic::safe_declaration;
"""

[["./test_crates/function_now_variadic/"]]
filename = "src/lib.rs"
begin_line = 39
hint = """
let _: unsafe extern "C" fn(
) -> _ = function_now_variadic::no_fixed_declaration;
"""

[["./test_crates/function_now_variadic/"]]
filename = "src/lib.rs"
begin_line = 43
hint = """
let _: unsafe extern "C-unwind" fn(
    _
) -> _ = function_now_variadic::unwind_declaration;
"""

[["./test_crates/function_now_variadic/"]]
filename = "src/lib.rs"
begin_line = 47
hint = """
let _: unsafe extern "system" fn(
    _
) -> _ = function_now_variadic::system_declaration;
"""

[["./test_crates/function_now_variadic/"]]
filename = "src/lib.rs"
begin_line = 51
hint = """
let _: unsafe extern "C" fn(
    _
) -> _ = function_now_variadic::reexported;
"""
