---
source: src/query.rs
description: "Lint `inherent_method_now_variadic` did not have the expected witness output.\nSee https://github.com/obi1kenobi/cargo-semver-checks/blob/main/CONTRIBUTING.md#testing-witnesses\nfor more information."
---
[["./test_crates/inherent_method_now_variadic/"]]
filename = "src/lib.rs"
begin_line = 15
hint = """
let _: unsafe extern "C" fn(
) -> _ = inherent_method_now_variadic::Methods::associated;
"""

[["./test_crates/inherent_method_now_variadic/"]]
filename = "src/lib.rs"
begin_line = 16
hint = """
let _: unsafe extern "C" fn(
    _
) -> _ = inherent_method_now_variadic::Methods::with_fixed_argument;
"""

[["./test_crates/inherent_method_now_variadic/"]]
filename = "src/lib.rs"
begin_line = 17
hint = """
let _: unsafe extern "C" fn(
    _
) -> _ = inherent_method_now_variadic::Methods::shared_receiver;
"""

[["./test_crates/inherent_method_now_variadic/"]]
filename = "src/lib.rs"
begin_line = 18
hint = """
let _: unsafe extern "C" fn(
    _
) -> _ = inherent_method_now_variadic::Methods::mutable_receiver;
"""

[["./test_crates/inherent_method_now_variadic/"]]
filename = "src/lib.rs"
begin_line = 19
hint = """
let _: unsafe extern "C-unwind" fn(
) -> _ = inherent_method_now_variadic::Methods::unwind;
"""

[["./test_crates/inherent_method_now_variadic/"]]
filename = "src/lib.rs"
begin_line = 22
hint = """
let _: unsafe extern "C" fn(
) -> _ = inherent_method_now_variadic::Methods::fixed_parameter_added;
"""

[["./test_crates/inherent_method_now_variadic/"]]
filename = "src/lib.rs"
begin_line = 23
hint = """
let _: unsafe extern "C" fn(
    _
) -> _ = inherent_method_now_variadic::Methods::fixed_parameter_removed;
"""

[["./test_crates/inherent_method_now_variadic/"]]
filename = "src/lib.rs"
begin_line = 45
hint = """
let _: unsafe extern "C" fn(
) -> _ = inherent_method_now_variadic::Enum::associated;
"""

[["./test_crates/inherent_method_now_variadic/"]]
filename = "src/lib.rs"
begin_line = 46
hint = """
let _: unsafe extern "C" fn(
    _
) -> _ = inherent_method_now_variadic::Enum::method;
"""

[["./test_crates/inherent_method_now_variadic/"]]
filename = "src/lib.rs"
begin_line = 55
hint = """
let _: unsafe extern "C" fn(
) -> _ = inherent_method_now_variadic::Union::associated;
"""

[["./test_crates/inherent_method_now_variadic/"]]
filename = "src/lib.rs"
begin_line = 56
hint = """
let _: unsafe extern "C" fn(
    _
) -> _ = inherent_method_now_variadic::Union::method;
"""

[["./test_crates/inherent_method_now_variadic/"]]
filename = "src/lib.rs"
begin_line = 66
hint = """
let _: unsafe extern "C" fn(
) -> _ = inherent_method_now_variadic::Reexported::associated;
"""

[["./test_crates/inherent_method_now_variadic/"]]
filename = "src/lib.rs"
begin_line = 109
hint = """
let _: unsafe extern "C" fn(
) -> _ = inherent_method_now_variadic::Generic::associated;
"""

[["./test_crates/inherent_method_now_variadic/"]]
filename = "src/lib.rs"
begin_line = 125
hint = """
let _: unsafe extern "C" fn(
) -> _ = inherent_method_now_variadic::MovedToDefaultTrait::associated;
"""

[["./test_crates/inherent_method_now_variadic/"]]
filename = "src/lib.rs"
begin_line = 141
hint = """
let _: unsafe extern "C" fn(
) -> _ = inherent_method_now_variadic::MovedToOverriddenTrait::associated;
"""

[["./test_crates/inherent_method_now_variadic/"]]
filename = "src/lib.rs"
begin_line = 164
hint = """
let _: unsafe extern "C" fn(
) -> _ = inherent_method_now_variadic::ChangedInherentWithMatchingTrait::associated;
"""

[["./test_crates/inherent_method_now_variadic/"]]
filename = "src/lib.rs"
begin_line = 193
hint = """
let _: unsafe extern "C" fn(
) -> _ = inherent_method_now_variadic::MovedToHiddenMatchingTrait::associated;
"""

[["./test_crates/inherent_method_now_variadic/"]]
filename = "src/lib.rs"
begin_line = 206
hint = """
let _: unsafe extern "C" fn(
) -> _ = inherent_method_now_variadic::ChangedInherentWithHiddenOverload::associated;
"""
