---
source: src/query.rs
description: "Lint `trait_method_now_variadic` did not have the expected witness output.\nSee https://github.com/obi1kenobi/cargo-semver-checks/blob/main/CONTRIBUTING.md#testing-witnesses\nfor more information."
---
[["./test_crates/trait_method_now_variadic/"]]
filename = "src/lib.rs"
begin_line = 11
hint = """
fn witness<T: trait_method_now_variadic::RequiredAndProvided>() {
    let _: unsafe extern "C" fn(
    ) -> _ = T::required_associated;
}
"""

[["./test_crates/trait_method_now_variadic/"]]
filename = "src/lib.rs"
begin_line = 12
hint = """
fn witness<T: trait_method_now_variadic::RequiredAndProvided>() {
    let _: unsafe extern "C" fn(
        _
    ) -> _ = T::provided_associated;
}
"""

[["./test_crates/trait_method_now_variadic/"]]
filename = "src/lib.rs"
begin_line = 13
hint = """
fn witness<T: trait_method_now_variadic::RequiredAndProvided>() {
    let _: unsafe extern "C" fn(
        _
    ) -> _ = T::required_method;
}
"""

[["./test_crates/trait_method_now_variadic/"]]
filename = "src/lib.rs"
begin_line = 14
hint = """
fn witness<T: trait_method_now_variadic::RequiredAndProvided>() {
    let _: unsafe extern "C" fn(
        _,
        _
    ) -> _ = T::provided_method;
}
"""

[["./test_crates/trait_method_now_variadic/"]]
filename = "src/lib.rs"
begin_line = 15
hint = """
fn witness<T: trait_method_now_variadic::RequiredAndProvided>() {
    let _: unsafe extern "C-unwind" fn(
        _
    ) -> _ = T::c_unwind;
}
"""

[["./test_crates/trait_method_now_variadic/"]]
filename = "src/lib.rs"
begin_line = 24
hint = """
fn witness<T: trait_method_now_variadic::FixedParameterCountChanged>() {
    let _: unsafe extern "C" fn(
        _
    ) -> _ = T::added_fixed_parameter;
}
"""

[["./test_crates/trait_method_now_variadic/"]]
filename = "src/lib.rs"
begin_line = 28
hint = """
fn witness<T: trait_method_now_variadic::FixedParameterCountChanged>() {
    let _: unsafe extern "C" fn(
        _,
        _,
        _
    ) -> _ = T::removed_fixed_parameter;
}
"""

[["./test_crates/trait_method_now_variadic/"]]
filename = "src/lib.rs"
begin_line = 34
hint = """
fn witness<T: trait_method_now_variadic::Sealed>() {
    let _: unsafe extern "C" fn(
    ) -> _ = T::required_associated;
}
"""

[["./test_crates/trait_method_now_variadic/"]]
filename = "src/lib.rs"
begin_line = 35
hint = """
fn witness<T: trait_method_now_variadic::Sealed>() {
    let _: unsafe extern "C" fn(
        _
    ) -> _ = T::provided_method;
}
"""

[["./test_crates/trait_method_now_variadic/"]]
filename = "src/lib.rs"
begin_line = 43
hint = """
fn witness<T: trait_method_now_variadic::PublicReexport>() {
    let _: unsafe extern "C" fn(
        _
    ) -> _ = T::method;
}
"""
