---
source: src/query.rs
expression: "&query_execution_results"
---
{
  "./test_crates/non_exhaustive/": [
    {
      "name": String("SimpleEnum"),
      "path": List([
        String("non_exhaustive"),
        String("SimpleEnum"),
      ]),
      "span_begin_line": Uint64(50),
      "span_end_line": Uint64(53),
      "span_filename": String("src/lib.rs"),
      "visibility_limit": String("public"),
    },
  ],
  "./test_crates/pub_enum_should_be_non_exhaustive/": [
    {
      "name": String("NonExhaustiveEnum"),
      "path": List([
        String("pub_enum_should_be_non_exhaustive"),
        String("NonExhaustiveEnum"),
      ]),
      "span_begin_line": Uint64(14),
      "span_end_line": Uint64(17),
      "span_filename": String("src/lib.rs"),
      "visibility_limit": String("public"),
    },
  ],
}
