---
source: src/query.rs
---
{
  "./test_crates/enum_discriminant_no_longer_defined/": [
    {
      "enum_name": String("GainsNonExhaustiveVariant"),
      "path": List([
        String("enum_discriminant_no_longer_defined"),
        String("GainsNonExhaustiveVariant"),
      ]),
      "span_begin_line": Uint64(24),
      "span_end_line": Uint64(29),
      "span_filename": String("src/lib.rs"),
      "visibility_limit": String("public"),
    },
  ],
  "./test_crates/enum_no_repr_variant_discriminant_changed/": [
    {
      "enum_name": String("DiscriminantIsChangedAndMarkedNonExhaustive"),
      "path": List([
        String("enum_no_repr_variant_discriminant_changed"),
        String("DiscriminantIsChangedAndMarkedNonExhaustive"),
      ]),
      "span_begin_line": Uint64(23),
      "span_end_line": Uint64(27),
      "span_filename": String("src/lib.rs"),
      "visibility_limit": String("public"),
    },
  ],
}
