---
source: src/query.rs
---
{
  "./test_crates/enum_repr_int_changed/": [
    {
      "name": String("U8EnumToEnum"),
      "old_attr": String("#[repr(u8)]"),
      "path": List([
        String("enum_repr_int_changed"),
        String("U8EnumToEnum"),
      ]),
      "span_begin_line": Uint64(74),
      "span_end_line": Uint64(77),
      "span_filename": String("src/lib.rs"),
      "visibility_limit": String("public"),
    },
    {
      "name": String("I32EnumToEnum"),
      "old_attr": String("#[repr(i32)]"),
      "path": List([
        String("enum_repr_int_changed"),
        String("I32EnumToEnum"),
      ]),
      "span_begin_line": Uint64(79),
      "span_end_line": Uint64(82),
      "span_filename": String("src/lib.rs"),
      "visibility_limit": String("public"),
    },
    {
      "name": String("IsizeEnumToEnum"),
      "old_attr": String("#[repr(isize)]"),
      "path": List([
        String("enum_repr_int_changed"),
        String("IsizeEnumToEnum"),
      ]),
      "span_begin_line": Uint64(84),
      "span_end_line": Uint64(87),
      "span_filename": String("src/lib.rs"),
      "visibility_limit": String("public"),
    },
    {
      "name": String("UsizeEnumToEnum"),
      "old_attr": String("#[repr(usize)]"),
      "path": List([
        String("enum_repr_int_changed"),
        String("UsizeEnumToEnum"),
      ]),
      "span_begin_line": Uint64(89),
      "span_end_line": Uint64(92),
      "span_filename": String("src/lib.rs"),
      "visibility_limit": String("public"),
    },
    {
      "name": String("CU8EnumToCEnum"),
      "old_attr": String("#[repr(C, u8)]"),
      "path": List([
        String("enum_repr_int_changed"),
        String("CU8EnumToCEnum"),
      ]),
      "span_begin_line": Uint64(95),
      "span_end_line": Uint64(98),
      "span_filename": String("src/lib.rs"),
      "visibility_limit": String("public"),
    },
  ],
  "./test_crates/enum_repr_int_removed/": [
    {
      "name": String("U8EnumToEnum"),
      "old_attr": String("#[repr(u8)]"),
      "path": List([
        String("enum_repr_int_removed"),
        String("U8EnumToEnum"),
      ]),
      "span_begin_line": Uint64(3),
      "span_end_line": Uint64(6),
      "span_filename": String("src/lib.rs"),
      "visibility_limit": String("public"),
    },
    {
      "name": String("I32EnumToEnum"),
      "old_attr": String("#[repr(i32)]"),
      "path": List([
        String("enum_repr_int_removed"),
        String("I32EnumToEnum"),
      ]),
      "span_begin_line": Uint64(8),
      "span_end_line": Uint64(11),
      "span_filename": String("src/lib.rs"),
      "visibility_limit": String("public"),
    },
    {
      "name": String("IsizeEnumToEnum"),
      "old_attr": String("#[repr(isize)]"),
      "path": List([
        String("enum_repr_int_removed"),
        String("IsizeEnumToEnum"),
      ]),
      "span_begin_line": Uint64(13),
      "span_end_line": Uint64(16),
      "span_filename": String("src/lib.rs"),
      "visibility_limit": String("public"),
    },
    {
      "name": String("UsizeEnumToEnum"),
      "old_attr": String("#[repr(usize)]"),
      "path": List([
        String("enum_repr_int_removed"),
        String("UsizeEnumToEnum"),
      ]),
      "span_begin_line": Uint64(18),
      "span_end_line": Uint64(21),
      "span_filename": String("src/lib.rs"),
      "visibility_limit": String("public"),
    },
    {
      "name": String("CU8EnumToCEnum"),
      "old_attr": String("#[repr(C, u8)]"),
      "path": List([
        String("enum_repr_int_removed"),
        String("CU8EnumToCEnum"),
      ]),
      "span_begin_line": Uint64(36),
      "span_end_line": Uint64(39),
      "span_filename": String("src/lib.rs"),
      "visibility_limit": String("public"),
    },
  ],
}
