---
source: src/query.rs
---
{
  "./test_crates/enum_discriminant_no_longer_defined/": [
    {
      "enum_name": String("GainsTupleVariant"),
      "path": List([
        String("enum_discriminant_no_longer_defined"),
        String("GainsTupleVariant"),
      ]),
      "span_begin_line": Uint64(60),
      "span_end_line": Uint64(64),
      "span_filename": String("src/lib.rs"),
      "visibility_limit": String("public"),
    },
    {
      "enum_name": String("GainsStructVariant"),
      "path": List([
        String("enum_discriminant_no_longer_defined"),
        String("GainsStructVariant"),
      ]),
      "span_begin_line": Uint64(67),
      "span_end_line": Uint64(70),
      "span_filename": String("src/lib.rs"),
      "visibility_limit": String("public"),
    },
  ],
  "./test_crates/enum_unit_variant_changed_kind/": [
    {
      "enum_name": String("TestStruct"),
      "path": List([
        String("enum_unit_variant_changed_kind"),
        String("TestStruct"),
      ]),
      "span_begin_line": Uint64(4),
      "span_end_line": Uint64(6),
      "span_filename": String("src/lib.rs"),
      "visibility_limit": String("public"),
    },
    {
      "enum_name": String("TestTuple"),
      "path": List([
        String("enum_unit_variant_changed_kind"),
        String("TestTuple"),
      ]),
      "span_begin_line": Uint64(8),
      "span_end_line": Uint64(10),
      "span_filename": String("src/lib.rs"),
      "visibility_limit": String("public"),
    },
    {
      "enum_name": String("MultipleTest"),
      "path": List([
        String("enum_unit_variant_changed_kind"),
        String("MultipleTest"),
      ]),
      "span_begin_line": Uint64(12),
      "span_end_line": Uint64(16),
      "span_filename": String("src/lib.rs"),
      "visibility_limit": String("public"),
    },
    {
      "enum_name": String("TestBecomeDocHidden"),
      "path": List([
        String("enum_unit_variant_changed_kind"),
        String("TestBecomeDocHidden"),
      ]),
      "span_begin_line": Uint64(18),
      "span_end_line": Uint64(21),
      "span_filename": String("src/lib.rs"),
      "visibility_limit": String("public"),
    },
    {
      "enum_name": String("TestBecomeNonExhaustive"),
      "path": List([
        String("enum_unit_variant_changed_kind"),
        String("TestBecomeNonExhaustive"),
      ]),
      "span_begin_line": Uint64(23),
      "span_end_line": Uint64(26),
      "span_filename": String("src/lib.rs"),
      "visibility_limit": String("public"),
    },
    {
      "enum_name": String("TestDocHidden"),
      "path": List([
        String("enum_unit_variant_changed_kind"),
        String("TestDocHidden"),
      ]),
      "span_begin_line": Uint64(52),
      "span_end_line": Uint64(59),
      "span_filename": String("src/lib.rs"),
      "visibility_limit": String("public"),
    },
  ],
}
