---
source: src/query.rs
assertion_line: 1073
---
{
  "./test_crates/enum_no_repr_variant_discriminant_changed/": [
    {
      "enum_name": String("ExplicitAndImplicitDiscriminantsAreChanged"),
      "new_value": String("2"),
      "old_value": String("1"),
      "path": List([
        String("enum_no_repr_variant_discriminant_changed"),
        String("ExplicitAndImplicitDiscriminantsAreChanged"),
      ]),
      "span_begin_line": Uint64(6),
      "span_end_line": Uint64(6),
      "span_filename": String("src/lib.rs"),
      "variant_name": String("First"),
      "visibility_limit": String("public"),
    },
    {
      "enum_name": String("ExplicitAndImplicitDiscriminantsAreChanged"),
      "new_value": String("3"),
      "old_value": String("2"),
      "path": List([
        String("enum_no_repr_variant_discriminant_changed"),
        String("ExplicitAndImplicitDiscriminantsAreChanged"),
      ]),
      "span_begin_line": Uint64(7),
      "span_end_line": Uint64(7),
      "span_filename": String("src/lib.rs"),
      "variant_name": String("Second"),
      "visibility_limit": String("public"),
    },
    {
      "enum_name": String("DiscriminantIsChanged"),
      "new_value": String("1"),
      "old_value": String("0"),
      "path": List([
        String("enum_no_repr_variant_discriminant_changed"),
        String("DiscriminantIsChanged"),
      ]),
      "span_begin_line": Uint64(15),
      "span_end_line": Uint64(15),
      "span_filename": String("src/lib.rs"),
      "variant_name": String("First"),
      "visibility_limit": String("public"),
    },
    {
      "enum_name": String("DiscriminantBecomesDocHiddenAndExplicit"),
      "new_value": String("2"),
      "old_value": String("1"),
      "path": List([
        String("enum_no_repr_variant_discriminant_changed"),
        String("DiscriminantBecomesDocHiddenAndExplicit"),
      ]),
      "span_begin_line": Uint64(44),
      "span_end_line": Uint64(44),
      "span_filename": String("src/lib.rs"),
      "variant_name": String("Second"),
      "visibility_limit": String("public"),
    },
    {
      "enum_name": String("GainsRepr"),
      "new_value": String("2"),
      "old_value": String("1"),
      "path": List([
        String("enum_no_repr_variant_discriminant_changed"),
        String("GainsRepr"),
      ]),
      "span_begin_line": Uint64(52),
      "span_end_line": Uint64(52),
      "span_filename": String("src/lib.rs"),
      "variant_name": String("First"),
      "visibility_limit": String("public"),
    },
  ],
  "./test_crates/partial_ord_enum_variants_reordered/": [
    {
      "enum_name": String("PublicEnum"),
      "new_value": String("0"),
      "old_value": String("1"),
      "path": List([
        String("partial_ord_enum_variants_reordered"),
        String("PublicEnum"),
      ]),
      "span_begin_line": Uint64(6),
      "span_end_line": Uint64(6),
      "span_filename": String("src/lib.rs"),
      "variant_name": String("B"),
      "visibility_limit": String("public"),
    },
    {
      "enum_name": String("PublicEnum"),
      "new_value": String("1"),
      "old_value": String("2"),
      "path": List([
        String("partial_ord_enum_variants_reordered"),
        String("PublicEnum"),
      ]),
      "span_begin_line": Uint64(7),
      "span_end_line": Uint64(7),
      "span_filename": String("src/lib.rs"),
      "variant_name": String("C"),
      "visibility_limit": String("public"),
    },
    {
      "enum_name": String("PublicEnum"),
      "new_value": String("2"),
      "old_value": String("0"),
      "path": List([
        String("partial_ord_enum_variants_reordered"),
        String("PublicEnum"),
      ]),
      "span_begin_line": Uint64(8),
      "span_end_line": Uint64(8),
      "span_filename": String("src/lib.rs"),
      "variant_name": String("A"),
      "visibility_limit": String("public"),
    },
    {
      "enum_name": String("RegularEnum"),
      "new_value": String("0"),
      "old_value": String("1"),
      "path": List([
        String("partial_ord_enum_variants_reordered"),
        String("RegularEnum"),
      ]),
      "span_begin_line": Uint64(21),
      "span_end_line": Uint64(21),
      "span_filename": String("src/lib.rs"),
      "variant_name": String("B"),
      "visibility_limit": String("public"),
    },
    {
      "enum_name": String("RegularEnum"),
      "new_value": String("1"),
      "old_value": String("2"),
      "path": List([
        String("partial_ord_enum_variants_reordered"),
        String("RegularEnum"),
      ]),
      "span_begin_line": Uint64(22),
      "span_end_line": Uint64(22),
      "span_filename": String("src/lib.rs"),
      "variant_name": String("C"),
      "visibility_limit": String("public"),
    },
    {
      "enum_name": String("RegularEnum"),
      "new_value": String("2"),
      "old_value": String("0"),
      "path": List([
        String("partial_ord_enum_variants_reordered"),
        String("RegularEnum"),
      ]),
      "span_begin_line": Uint64(23),
      "span_end_line": Uint64(23),
      "span_filename": String("src/lib.rs"),
      "variant_name": String("A"),
      "visibility_limit": String("public"),
    },
    {
      "enum_name": String("EnumWithDocHiddenVariants"),
      "new_value": String("1"),
      "old_value": String("2"),
      "path": List([
        String("partial_ord_enum_variants_reordered"),
        String("EnumWithDocHiddenVariants"),
      ]),
      "span_begin_line": Uint64(40),
      "span_end_line": Uint64(40),
      "span_filename": String("src/lib.rs"),
      "variant_name": String("C"),
      "visibility_limit": String("public"),
    },
    {
      "enum_name": String("EnumWithDocHiddenVariants"),
      "new_value": String("2"),
      "old_value": String("1"),
      "path": List([
        String("partial_ord_enum_variants_reordered"),
        String("EnumWithDocHiddenVariants"),
      ]),
      "span_begin_line": Uint64(42),
      "span_end_line": Uint64(42),
      "span_filename": String("src/lib.rs"),
      "variant_name": String("B"),
      "visibility_limit": String("public"),
    },
    {
      "enum_name": String("ManuallyImplemented"),
      "new_value": String("0"),
      "old_value": String("1"),
      "path": List([
        String("partial_ord_enum_variants_reordered"),
        String("ManuallyImplemented"),
      ]),
      "span_begin_line": Uint64(56),
      "span_end_line": Uint64(56),
      "span_filename": String("src/lib.rs"),
      "variant_name": String("B"),
      "visibility_limit": String("public"),
    },
    {
      "enum_name": String("ManuallyImplemented"),
      "new_value": String("1"),
      "old_value": String("0"),
      "path": List([
        String("partial_ord_enum_variants_reordered"),
        String("ManuallyImplemented"),
      ]),
      "span_begin_line": Uint64(57),
      "span_end_line": Uint64(57),
      "span_filename": String("src/lib.rs"),
      "variant_name": String("A"),
      "visibility_limit": String("public"),
    },
    {
      "enum_name": String("MultipleDerivesWithPartialOrd"),
      "new_value": String("0"),
      "old_value": String("1"),
      "path": List([
        String("partial_ord_enum_variants_reordered"),
        String("MultipleDerivesWithPartialOrd"),
      ]),
      "span_begin_line": Uint64(74),
      "span_end_line": Uint64(74),
      "span_filename": String("src/lib.rs"),
      "variant_name": String("B"),
      "visibility_limit": String("public"),
    },
    {
      "enum_name": String("MultipleDerivesWithPartialOrd"),
      "new_value": String("1"),
      "old_value": String("2"),
      "path": List([
        String("partial_ord_enum_variants_reordered"),
        String("MultipleDerivesWithPartialOrd"),
      ]),
      "span_begin_line": Uint64(75),
      "span_end_line": Uint64(75),
      "span_filename": String("src/lib.rs"),
      "variant_name": String("C"),
      "visibility_limit": String("public"),
    },
    {
      "enum_name": String("MultipleDerivesWithPartialOrd"),
      "new_value": String("2"),
      "old_value": String("0"),
      "path": List([
        String("partial_ord_enum_variants_reordered"),
        String("MultipleDerivesWithPartialOrd"),
      ]),
      "span_begin_line": Uint64(76),
      "span_end_line": Uint64(76),
      "span_filename": String("src/lib.rs"),
      "variant_name": String("A"),
      "visibility_limit": String("public"),
    },
    {
      "enum_name": String("StructVariants"),
      "new_value": String("0"),
      "old_value": String("1"),
      "path": List([
        String("partial_ord_enum_variants_reordered"),
        String("StructVariants"),
      ]),
      "span_begin_line": Uint64(90),
      "span_end_line": Uint64(90),
      "span_filename": String("src/lib.rs"),
      "variant_name": String("B"),
      "visibility_limit": String("public"),
    },
    {
      "enum_name": String("StructVariants"),
      "new_value": String("1"),
      "old_value": String("2"),
      "path": List([
        String("partial_ord_enum_variants_reordered"),
        String("StructVariants"),
      ]),
      "span_begin_line": Uint64(91),
      "span_end_line": Uint64(91),
      "span_filename": String("src/lib.rs"),
      "variant_name": String("C"),
      "visibility_limit": String("public"),
    },
    {
      "enum_name": String("StructVariants"),
      "new_value": String("2"),
      "old_value": String("0"),
      "path": List([
        String("partial_ord_enum_variants_reordered"),
        String("StructVariants"),
      ]),
      "span_begin_line": Uint64(92),
      "span_end_line": Uint64(92),
      "span_filename": String("src/lib.rs"),
      "variant_name": String("A"),
      "visibility_limit": String("public"),
    },
    {
      "enum_name": String("NoLongerPartialOrd"),
      "new_value": String("0"),
      "old_value": String("1"),
      "path": List([
        String("partial_ord_enum_variants_reordered"),
        String("NoLongerPartialOrd"),
      ]),
      "span_begin_line": Uint64(114),
      "span_end_line": Uint64(114),
      "span_filename": String("src/lib.rs"),
      "variant_name": String("B"),
      "visibility_limit": String("public"),
    },
    {
      "enum_name": String("NoLongerPartialOrd"),
      "new_value": String("1"),
      "old_value": String("2"),
      "path": List([
        String("partial_ord_enum_variants_reordered"),
        String("NoLongerPartialOrd"),
      ]),
      "span_begin_line": Uint64(115),
      "span_end_line": Uint64(115),
      "span_filename": String("src/lib.rs"),
      "variant_name": String("C"),
      "visibility_limit": String("public"),
    },
    {
      "enum_name": String("NoLongerPartialOrd"),
      "new_value": String("2"),
      "old_value": String("0"),
      "path": List([
        String("partial_ord_enum_variants_reordered"),
        String("NoLongerPartialOrd"),
      ]),
      "span_begin_line": Uint64(116),
      "span_end_line": Uint64(116),
      "span_filename": String("src/lib.rs"),
      "variant_name": String("A"),
      "visibility_limit": String("public"),
    },
    {
      "enum_name": String("NewlyPartialOrd"),
      "new_value": String("0"),
      "old_value": String("1"),
      "path": List([
        String("partial_ord_enum_variants_reordered"),
        String("NewlyPartialOrd"),
      ]),
      "span_begin_line": Uint64(122),
      "span_end_line": Uint64(122),
      "span_filename": String("src/lib.rs"),
      "variant_name": String("B"),
      "visibility_limit": String("public"),
    },
    {
      "enum_name": String("NewlyPartialOrd"),
      "new_value": String("1"),
      "old_value": String("2"),
      "path": List([
        String("partial_ord_enum_variants_reordered"),
        String("NewlyPartialOrd"),
      ]),
      "span_begin_line": Uint64(123),
      "span_end_line": Uint64(123),
      "span_filename": String("src/lib.rs"),
      "variant_name": String("C"),
      "visibility_limit": String("public"),
    },
    {
      "enum_name": String("NewlyPartialOrd"),
      "new_value": String("2"),
      "old_value": String("0"),
      "path": List([
        String("partial_ord_enum_variants_reordered"),
        String("NewlyPartialOrd"),
      ]),
      "span_begin_line": Uint64(124),
      "span_end_line": Uint64(124),
      "span_filename": String("src/lib.rs"),
      "variant_name": String("A"),
      "visibility_limit": String("public"),
    },
    {
      "enum_name": String("DerivedToHandImpl"),
      "new_value": String("0"),
      "old_value": String("1"),
      "path": List([
        String("partial_ord_enum_variants_reordered"),
        String("DerivedToHandImpl"),
      ]),
      "span_begin_line": Uint64(130),
      "span_end_line": Uint64(130),
      "span_filename": String("src/lib.rs"),
      "variant_name": String("B"),
      "visibility_limit": String("public"),
    },
    {
      "enum_name": String("DerivedToHandImpl"),
      "new_value": String("1"),
      "old_value": String("2"),
      "path": List([
        String("partial_ord_enum_variants_reordered"),
        String("DerivedToHandImpl"),
      ]),
      "span_begin_line": Uint64(131),
      "span_end_line": Uint64(131),
      "span_filename": String("src/lib.rs"),
      "variant_name": String("C"),
      "visibility_limit": String("public"),
    },
    {
      "enum_name": String("DerivedToHandImpl"),
      "new_value": String("2"),
      "old_value": String("0"),
      "path": List([
        String("partial_ord_enum_variants_reordered"),
        String("DerivedToHandImpl"),
      ]),
      "span_begin_line": Uint64(132),
      "span_end_line": Uint64(132),
      "span_filename": String("src/lib.rs"),
      "variant_name": String("A"),
      "visibility_limit": String("public"),
    },
    {
      "enum_name": String("HandImplToDerived"),
      "new_value": String("0"),
      "old_value": String("1"),
      "path": List([
        String("partial_ord_enum_variants_reordered"),
        String("HandImplToDerived"),
      ]),
      "span_begin_line": Uint64(144),
      "span_end_line": Uint64(144),
      "span_filename": String("src/lib.rs"),
      "variant_name": String("B"),
      "visibility_limit": String("public"),
    },
    {
      "enum_name": String("HandImplToDerived"),
      "new_value": String("1"),
      "old_value": String("2"),
      "path": List([
        String("partial_ord_enum_variants_reordered"),
        String("HandImplToDerived"),
      ]),
      "span_begin_line": Uint64(145),
      "span_end_line": Uint64(145),
      "span_filename": String("src/lib.rs"),
      "variant_name": String("C"),
      "visibility_limit": String("public"),
    },
    {
      "enum_name": String("HandImplToDerived"),
      "new_value": String("2"),
      "old_value": String("0"),
      "path": List([
        String("partial_ord_enum_variants_reordered"),
        String("HandImplToDerived"),
      ]),
      "span_begin_line": Uint64(146),
      "span_end_line": Uint64(146),
      "span_filename": String("src/lib.rs"),
      "variant_name": String("A"),
      "visibility_limit": String("public"),
    },
    {
      "enum_name": String("NonExhaustiveReordered"),
      "new_value": String("0"),
      "old_value": String("2"),
      "path": List([
        String("partial_ord_enum_variants_reordered"),
        String("NonExhaustiveReordered"),
      ]),
      "span_begin_line": Uint64(154),
      "span_end_line": Uint64(154),
      "span_filename": String("src/lib.rs"),
      "variant_name": String("C"),
      "visibility_limit": String("public"),
    },
    {
      "enum_name": String("NonExhaustiveReordered"),
      "new_value": String("1"),
      "old_value": String("0"),
      "path": List([
        String("partial_ord_enum_variants_reordered"),
        String("NonExhaustiveReordered"),
      ]),
      "span_begin_line": Uint64(155),
      "span_end_line": Uint64(155),
      "span_filename": String("src/lib.rs"),
      "variant_name": String("A"),
      "visibility_limit": String("public"),
    },
    {
      "enum_name": String("NonExhaustiveReordered"),
      "new_value": String("2"),
      "old_value": String("1"),
      "path": List([
        String("partial_ord_enum_variants_reordered"),
        String("NonExhaustiveReordered"),
      ]),
      "span_begin_line": Uint64(156),
      "span_end_line": Uint64(156),
      "span_filename": String("src/lib.rs"),
      "variant_name": String("B"),
      "visibility_limit": String("public"),
    },
    {
      "enum_name": String("NonExhaustiveInsertedOnly"),
      "new_value": String("2"),
      "old_value": String("1"),
      "path": List([
        String("partial_ord_enum_variants_reordered"),
        String("NonExhaustiveInsertedOnly"),
      ]),
      "span_begin_line": Uint64(166),
      "span_end_line": Uint64(166),
      "span_filename": String("src/lib.rs"),
      "variant_name": String("B"),
      "visibility_limit": String("public"),
    },
    {
      "enum_name": String("NonExhaustiveInsertedOnly"),
      "new_value": String("4"),
      "old_value": String("2"),
      "path": List([
        String("partial_ord_enum_variants_reordered"),
        String("NonExhaustiveInsertedOnly"),
      ]),
      "span_begin_line": Uint64(168),
      "span_end_line": Uint64(168),
      "span_filename": String("src/lib.rs"),
      "variant_name": String("C"),
      "visibility_limit": String("public"),
    },
  ],
  "./test_crates/partial_ord_non_exhaustive_enum_variants_reordered/": [
    {
      "enum_name": String("ReorderedNonExhaustive"),
      "new_value": String("0"),
      "old_value": String("2"),
      "path": List([
        String("partial_ord_non_exhaustive_enum_variants_reordered"),
        String("ReorderedNonExhaustive"),
      ]),
      "span_begin_line": Uint64(7),
      "span_end_line": Uint64(7),
      "span_filename": String("src/lib.rs"),
      "variant_name": String("C"),
      "visibility_limit": String("public"),
    },
    {
      "enum_name": String("ReorderedNonExhaustive"),
      "new_value": String("1"),
      "old_value": String("0"),
      "path": List([
        String("partial_ord_non_exhaustive_enum_variants_reordered"),
        String("ReorderedNonExhaustive"),
      ]),
      "span_begin_line": Uint64(8),
      "span_end_line": Uint64(8),
      "span_filename": String("src/lib.rs"),
      "variant_name": String("A"),
      "visibility_limit": String("public"),
    },
    {
      "enum_name": String("ReorderedNonExhaustive"),
      "new_value": String("2"),
      "old_value": String("1"),
      "path": List([
        String("partial_ord_non_exhaustive_enum_variants_reordered"),
        String("ReorderedNonExhaustive"),
      ]),
      "span_begin_line": Uint64(9),
      "span_end_line": Uint64(9),
      "span_filename": String("src/lib.rs"),
      "variant_name": String("B"),
      "visibility_limit": String("public"),
    },
    {
      "enum_name": String("InsertedOnly"),
      "new_value": String("2"),
      "old_value": String("1"),
      "path": List([
        String("partial_ord_non_exhaustive_enum_variants_reordered"),
        String("InsertedOnly"),
      ]),
      "span_begin_line": Uint64(18),
      "span_end_line": Uint64(18),
      "span_filename": String("src/lib.rs"),
      "variant_name": String("Y"),
      "visibility_limit": String("public"),
    },
    {
      "enum_name": String("InsertedOnly"),
      "new_value": String("4"),
      "old_value": String("2"),
      "path": List([
        String("partial_ord_non_exhaustive_enum_variants_reordered"),
        String("InsertedOnly"),
      ]),
      "span_begin_line": Uint64(20),
      "span_end_line": Uint64(20),
      "span_filename": String("src/lib.rs"),
      "variant_name": String("Z"),
      "visibility_limit": String("public"),
    },
    {
      "enum_name": String("InsertedAndReordered"),
      "new_value": String("0"),
      "old_value": String("2"),
      "path": List([
        String("partial_ord_non_exhaustive_enum_variants_reordered"),
        String("InsertedAndReordered"),
      ]),
      "span_begin_line": Uint64(27),
      "span_end_line": Uint64(27),
      "span_filename": String("src/lib.rs"),
      "variant_name": String("R"),
      "visibility_limit": String("public"),
    },
    {
      "enum_name": String("InsertedAndReordered"),
      "new_value": String("2"),
      "old_value": String("0"),
      "path": List([
        String("partial_ord_non_exhaustive_enum_variants_reordered"),
        String("InsertedAndReordered"),
      ]),
      "span_begin_line": Uint64(29),
      "span_end_line": Uint64(29),
      "span_filename": String("src/lib.rs"),
      "variant_name": String("P"),
      "visibility_limit": String("public"),
    },
    {
      "enum_name": String("InsertedAndReordered"),
      "new_value": String("3"),
      "old_value": String("1"),
      "path": List([
        String("partial_ord_non_exhaustive_enum_variants_reordered"),
        String("InsertedAndReordered"),
      ]),
      "span_begin_line": Uint64(30),
      "span_end_line": Uint64(30),
      "span_filename": String("src/lib.rs"),
      "variant_name": String("Q"),
      "visibility_limit": String("public"),
    },
    {
      "enum_name": String("ExhaustiveReordered"),
      "new_value": String("0"),
      "old_value": String("2"),
      "path": List([
        String("partial_ord_non_exhaustive_enum_variants_reordered"),
        String("ExhaustiveReordered"),
      ]),
      "span_begin_line": Uint64(36),
      "span_end_line": Uint64(36),
      "span_filename": String("src/lib.rs"),
      "variant_name": String("C"),
      "visibility_limit": String("public"),
    },
    {
      "enum_name": String("ExhaustiveReordered"),
      "new_value": String("1"),
      "old_value": String("0"),
      "path": List([
        String("partial_ord_non_exhaustive_enum_variants_reordered"),
        String("ExhaustiveReordered"),
      ]),
      "span_begin_line": Uint64(37),
      "span_end_line": Uint64(37),
      "span_filename": String("src/lib.rs"),
      "variant_name": String("A"),
      "visibility_limit": String("public"),
    },
    {
      "enum_name": String("ExhaustiveReordered"),
      "new_value": String("2"),
      "old_value": String("1"),
      "path": List([
        String("partial_ord_non_exhaustive_enum_variants_reordered"),
        String("ExhaustiveReordered"),
      ]),
      "span_begin_line": Uint64(38),
      "span_end_line": Uint64(38),
      "span_filename": String("src/lib.rs"),
      "variant_name": String("B"),
      "visibility_limit": String("public"),
    },
    {
      "enum_name": String("NoDerivePartialOrd"),
      "new_value": String("0"),
      "old_value": String("2"),
      "path": List([
        String("partial_ord_non_exhaustive_enum_variants_reordered"),
        String("NoDerivePartialOrd"),
      ]),
      "span_begin_line": Uint64(62),
      "span_end_line": Uint64(62),
      "span_filename": String("src/lib.rs"),
      "variant_name": String("C"),
      "visibility_limit": String("public"),
    },
    {
      "enum_name": String("NoDerivePartialOrd"),
      "new_value": String("1"),
      "old_value": String("0"),
      "path": List([
        String("partial_ord_non_exhaustive_enum_variants_reordered"),
        String("NoDerivePartialOrd"),
      ]),
      "span_begin_line": Uint64(63),
      "span_end_line": Uint64(63),
      "span_filename": String("src/lib.rs"),
      "variant_name": String("A"),
      "visibility_limit": String("public"),
    },
    {
      "enum_name": String("NoDerivePartialOrd"),
      "new_value": String("2"),
      "old_value": String("1"),
      "path": List([
        String("partial_ord_non_exhaustive_enum_variants_reordered"),
        String("NoDerivePartialOrd"),
      ]),
      "span_begin_line": Uint64(64),
      "span_end_line": Uint64(64),
      "span_filename": String("src/lib.rs"),
      "variant_name": String("B"),
      "visibility_limit": String("public"),
    },
    {
      "enum_name": String("ManualPartialOrd"),
      "new_value": String("0"),
      "old_value": String("1"),
      "path": List([
        String("partial_ord_non_exhaustive_enum_variants_reordered"),
        String("ManualPartialOrd"),
      ]),
      "span_begin_line": Uint64(71),
      "span_end_line": Uint64(71),
      "span_filename": String("src/lib.rs"),
      "variant_name": String("B"),
      "visibility_limit": String("public"),
    },
    {
      "enum_name": String("ManualPartialOrd"),
      "new_value": String("1"),
      "old_value": String("0"),
      "path": List([
        String("partial_ord_non_exhaustive_enum_variants_reordered"),
        String("ManualPartialOrd"),
      ]),
      "span_begin_line": Uint64(72),
      "span_end_line": Uint64(72),
      "span_filename": String("src/lib.rs"),
      "variant_name": String("A"),
      "visibility_limit": String("public"),
    },
    {
      "enum_name": String("BecomesNonExhaustive"),
      "new_value": String("0"),
      "old_value": String("2"),
      "path": List([
        String("partial_ord_non_exhaustive_enum_variants_reordered"),
        String("BecomesNonExhaustive"),
      ]),
      "span_begin_line": Uint64(110),
      "span_end_line": Uint64(110),
      "span_filename": String("src/lib.rs"),
      "variant_name": String("C"),
      "visibility_limit": String("public"),
    },
    {
      "enum_name": String("BecomesNonExhaustive"),
      "new_value": String("1"),
      "old_value": String("0"),
      "path": List([
        String("partial_ord_non_exhaustive_enum_variants_reordered"),
        String("BecomesNonExhaustive"),
      ]),
      "span_begin_line": Uint64(111),
      "span_end_line": Uint64(111),
      "span_filename": String("src/lib.rs"),
      "variant_name": String("A"),
      "visibility_limit": String("public"),
    },
    {
      "enum_name": String("BecomesNonExhaustive"),
      "new_value": String("2"),
      "old_value": String("1"),
      "path": List([
        String("partial_ord_non_exhaustive_enum_variants_reordered"),
        String("BecomesNonExhaustive"),
      ]),
      "span_begin_line": Uint64(112),
      "span_end_line": Uint64(112),
      "span_filename": String("src/lib.rs"),
      "variant_name": String("B"),
      "visibility_limit": String("public"),
    },
  ],
}
