---
source: src/query.rs
assertion_line: 1073
---
{
  "./test_crates/enum_no_repr_variant_discriminant_changed/": [
    {
      "enum_name": String("ExplicitAndImplicitDiscriminantsAreChanged"),
      "new_value": String("2"),
      "old_value": String("1"),
      "path": List([
        String("enum_no_repr_variant_discriminant_changed"),
        String("ExplicitAndImplicitDiscriminantsAreChanged"),
      ]),
      "span_begin_line": Uint64(6),
      "span_end_line": Uint64(6),
      "span_filename": String("src/lib.rs"),
      "variant_name": String("First"),
      "visibility_limit": String("public"),
    },
    {
      "enum_name": String("ExplicitAndImplicitDiscriminantsAreChanged"),
      "new_value": String("3"),
      "old_value": String("2"),
      "path": List([
        String("enum_no_repr_variant_discriminant_changed"),
        String("ExplicitAndImplicitDiscriminantsAreChanged"),
      ]),
      "span_begin_line": Uint64(7),
      "span_end_line": Uint64(7),
      "span_filename": String("src/lib.rs"),
      "variant_name": String("Second"),
      "visibility_limit": String("public"),
    },
    {
      "enum_name": String("DiscriminantIsChanged"),
      "new_value": String("1"),
      "old_value": String("0"),
      "path": List([
        String("enum_no_repr_variant_discriminant_changed"),
        String("DiscriminantIsChanged"),
      ]),
      "span_begin_line": Uint64(15),
      "span_end_line": Uint64(15),
      "span_filename": String("src/lib.rs"),
      "variant_name": String("First"),
      "visibility_limit": String("public"),
    },
    {
      "enum_name": String("DiscriminantBecomesDocHiddenAndExplicit"),
      "new_value": String("2"),
      "old_value": String("1"),
      "path": List([
        String("enum_no_repr_variant_discriminant_changed"),
        String("DiscriminantBecomesDocHiddenAndExplicit"),
      ]),
      "span_begin_line": Uint64(44),
      "span_end_line": Uint64(44),
      "span_filename": String("src/lib.rs"),
      "variant_name": String("Second"),
      "visibility_limit": String("public"),
    },
    {
      "enum_name": String("GainsRepr"),
      "new_value": String("2"),
      "old_value": String("1"),
      "path": List([
        String("enum_no_repr_variant_discriminant_changed"),
        String("GainsRepr"),
      ]),
      "span_begin_line": Uint64(52),
      "span_end_line": Uint64(52),
      "span_filename": String("src/lib.rs"),
      "variant_name": String("First"),
      "visibility_limit": String("public"),
    },
  ],
  "./test_crates/partial_ord_enum_variants_reordered/": [
    {
      "enum_name": String("PublicEnum"),
      "new_value": String("0"),
      "old_value": String("1"),
      "path": List([
        String("partial_ord_enum_variants_reordered"),
        String("PublicEnum"),
      ]),
      "span_begin_line": Uint64(6),
      "span_end_line": Uint64(6),
      "span_filename": String("src/lib.rs"),
      "variant_name": String("B"),
      "visibility_limit": String("public"),
    },
    {
      "enum_name": String("PublicEnum"),
      "new_value": String("1"),
      "old_value": String("2"),
      "path": List([
        String("partial_ord_enum_variants_reordered"),
        String("PublicEnum"),
      ]),
      "span_begin_line": Uint64(7),
      "span_end_line": Uint64(7),
      "span_filename": String("src/lib.rs"),
      "variant_name": String("C"),
      "visibility_limit": String("public"),
    },
    {
      "enum_name": String("PublicEnum"),
      "new_value": String("2"),
      "old_value": String("0"),
      "path": List([
        String("partial_ord_enum_variants_reordered"),
        String("PublicEnum"),
      ]),
      "span_begin_line": Uint64(8),
      "span_end_line": Uint64(8),
      "span_filename": String("src/lib.rs"),
      "variant_name": String("A"),
      "visibility_limit": String("public"),
    },
    {
      "enum_name": String("RegularEnum"),
      "new_value": String("0"),
      "old_value": String("1"),
      "path": List([
        String("partial_ord_enum_variants_reordered"),
        String("RegularEnum"),
      ]),
      "span_begin_line": Uint64(21),
      "span_end_line": Uint64(21),
      "span_filename": String("src/lib.rs"),
      "variant_name": String("B"),
      "visibility_limit": String("public"),
    },
    {
      "enum_name": String("RegularEnum"),
      "new_value": String("1"),
      "old_value": String("2"),
      "path": List([
        String("partial_ord_enum_variants_reordered"),
        String("RegularEnum"),
      ]),
      "span_begin_line": Uint64(22),
      "span_end_line": Uint64(22),
      "span_filename": String("src/lib.rs"),
      "variant_name": String("C"),
      "visibility_limit": String("public"),
    },
    {
      "enum_name": String("RegularEnum"),
      "new_value": String("2"),
      "old_value": String("0"),
      "path": List([
        String("partial_ord_enum_variants_reordered"),
        String("RegularEnum"),
      ]),
      "span_begin_line": Uint64(23),
      "span_end_line": Uint64(23),
      "span_filename": String("src/lib.rs"),
      "variant_name": String("A"),
      "visibility_limit": String("public"),
    },
    {
      "enum_name": String("EnumWithDocHiddenVariants"),
      "new_value": String("1"),
      "old_value": String("2"),
      "path": List([
        String("partial_ord_enum_variants_reordered"),
        String("EnumWithDocHiddenVariants"),
      ]),
      "span_begin_line": Uint64(40),
      "span_end_line": Uint64(40),
      "span_filename": String("src/lib.rs"),
      "variant_name": String("C"),
      "visibility_limit": String("public"),
    },
    {
      "enum_name": String("EnumWithDocHiddenVariants"),
      "new_value": String("2"),
      "old_value": String("1"),
      "path": List([
        String("partial_ord_enum_variants_reordered"),
        String("EnumWithDocHiddenVariants"),
      ]),
      "span_begin_line": Uint64(42),
      "span_end_line": Uint64(42),
      "span_filename": String("src/lib.rs"),
      "variant_name": String("B"),
      "visibility_limit": String("public"),
    },
    {
      "enum_name": String("ManuallyImplemented"),
      "new_value": String("0"),
      "old_value": String("1"),
      "path": List([
        String("partial_ord_enum_variants_reordered"),
        String("ManuallyImplemented"),
      ]),
      "span_begin_line": Uint64(56),
      "span_end_line": Uint64(56),
      "span_filename": String("src/lib.rs"),
      "variant_name": String("B"),
      "visibility_limit": String("public"),
    },
    {
      "enum_name": String("ManuallyImplemented"),
      "new_value": String("1"),
      "old_value": String("0"),
      "path": List([
        String("partial_ord_enum_variants_reordered"),
        String("ManuallyImplemented"),
      ]),
      "span_begin_line": Uint64(57),
      "span_end_line": Uint64(57),
      "span_filename": String("src/lib.rs"),
      "variant_name": String("A"),
      "visibility_limit": String("public"),
    },
    {
      "enum_name": String("MultipleDerivesWithPartialOrd"),
      "new_value": String("0"),
      "old_value": String("1"),
      "path": List([
        String("partial_ord_enum_variants_reordered"),
        String("MultipleDerivesWithPartialOrd"),
      ]),
      "span_begin_line": Uint64(74),
      "span_end_line": Uint64(74),
      "span_filename": String("src/lib.rs"),
      "variant_name": String("B"),
      "visibility_limit": String("public"),
    },
    {
      "enum_name": String("MultipleDerivesWithPartialOrd"),
      "new_value": String("1"),
      "old_value": String("2"),
      "path": List([
        String("partial_ord_enum_variants_reordered"),
        String("MultipleDerivesWithPartialOrd"),
      ]),
      "span_begin_line": Uint64(75),
      "span_end_line": Uint64(75),
      "span_filename": String("src/lib.rs"),
      "variant_name": String("C"),
      "visibility_limit": String("public"),
    },
    {
      "enum_name": String("MultipleDerivesWithPartialOrd"),
      "new_value": String("2"),
      "old_value": String("0"),
      "path": List([
        String("partial_ord_enum_variants_reordered"),
        String("MultipleDerivesWithPartialOrd"),
      ]),
      "span_begin_line": Uint64(76),
      "span_end_line": Uint64(76),
      "span_filename": String("src/lib.rs"),
      "variant_name": String("A"),
      "visibility_limit": String("public"),
    },
    {
      "enum_name": String("StructVariants"),
      "new_value": String("0"),
      "old_value": String("1"),
      "path": List([
        String("partial_ord_enum_variants_reordered"),
        String("StructVariants"),
      ]),
      "span_begin_line": Uint64(90),
      "span_end_line": Uint64(90),
      "span_filename": String("src/lib.rs"),
      "variant_name": String("B"),
      "visibility_limit": String("public"),
    },
    {
      "enum_name": String("StructVariants"),
      "new_value": String("1"),
      "old_value": String("2"),
      "path": List([
        String("partial_ord_enum_variants_reordered"),
        String("StructVariants"),
      ]),
      "span_begin_line": Uint64(91),
      "span_end_line": Uint64(91),
      "span_filename": String("src/lib.rs"),
      "variant_name": String("C"),
      "visibility_limit": String("public"),
    },
    {
      "enum_name": String("StructVariants"),
      "new_value": String("2"),
      "old_value": String("0"),
      "path": List([
        String("partial_ord_enum_variants_reordered"),
        String("StructVariants"),
      ]),
      "span_begin_line": Uint64(92),
      "span_end_line": Uint64(92),
      "span_filename": String("src/lib.rs"),
      "variant_name": String("A"),
      "visibility_limit": String("public"),
    },
    {
      "enum_name": String("NoLongerPartialOrd"),
      "new_value": String("0"),
      "old_value": String("1"),
      "path": List([
        String("partial_ord_enum_variants_reordered"),
        String("NoLongerPartialOrd"),
      ]),
      "span_begin_line": Uint64(114),
      "span_end_line": Uint64(114),
      "span_filename": String("src/lib.rs"),
      "variant_name": String("B"),
      "visibility_limit": String("public"),
    },
    {
      "enum_name": String("NoLongerPartialOrd"),
      "new_value": String("1"),
      "old_value": String("2"),
      "path": List([
        String("partial_ord_enum_variants_reordered"),
        String("NoLongerPartialOrd"),
      ]),
      "span_begin_line": Uint64(115),
      "span_end_line": Uint64(115),
      "span_filename": String("src/lib.rs"),
      "variant_name": String("C"),
      "visibility_limit": String("public"),
    },
    {
      "enum_name": String("NoLongerPartialOrd"),
      "new_value": String("2"),
      "old_value": String("0"),
      "path": List([
        String("partial_ord_enum_variants_reordered"),
        String("NoLongerPartialOrd"),
      ]),
      "span_begin_line": Uint64(116),
      "span_end_line": Uint64(116),
      "span_filename": String("src/lib.rs"),
      "variant_name": String("A"),
      "visibility_limit": String("public"),
    },
    {
      "enum_name": String("NewlyPartialOrd"),
      "new_value": String("0"),
      "old_value": String("1"),
      "path": List([
        String("partial_ord_enum_variants_reordered"),
        String("NewlyPartialOrd"),
      ]),
      "span_begin_line": Uint64(122),
      "span_end_line": Uint64(122),
      "span_filename": String("src/lib.rs"),
      "variant_name": String("B"),
      "visibility_limit": String("public"),
    },
    {
      "enum_name": String("NewlyPartialOrd"),
      "new_value": String("1"),
      "old_value": String("2"),
      "path": List([
        String("partial_ord_enum_variants_reordered"),
        String("NewlyPartialOrd"),
      ]),
      "span_begin_line": Uint64(123),
      "span_end_line": Uint64(123),
      "span_filename": String("src/lib.rs"),
      "variant_name": String("C"),
      "visibility_limit": String("public"),
    },
    {
      "enum_name": String("NewlyPartialOrd"),
      "new_value": String("2"),
      "old_value": String("0"),
      "path": List([
        String("partial_ord_enum_variants_reordered"),
        String("NewlyPartialOrd"),
      ]),
      "span_begin_line": Uint64(124),
      "span_end_line": Uint64(124),
      "span_filename": String("src/lib.rs"),
      "variant_name": String("A"),
      "visibility_limit": String("public"),
    },
    {
      "enum_name": String("DerivedToHandImpl"),
      "new_value": String("0"),
      "old_value": String("1"),
      "path": List([
        String("partial_ord_enum_variants_reordered"),
        String("DerivedToHandImpl"),
      ]),
      "span_begin_line": Uint64(130),
      "span_end_line": Uint64(130),
      "span_filename": String("src/lib.rs"),
      "variant_name": String("B"),
      "visibility_limit": String("public"),
    },
    {
      "enum_name": String("DerivedToHandImpl"),
      "new_value": String("1"),
      "old_value": String("2"),
      "path": List([
        String("partial_ord_enum_variants_reordered"),
        String("DerivedToHandImpl"),
      ]),
      "span_begin_line": Uint64(131),
      "span_end_line": Uint64(131),
      "span_filename": String("src/lib.rs"),
      "variant_name": String("C"),
      "visibility_limit": String("public"),
    },
    {
      "enum_name": String("DerivedToHandImpl"),
      "new_value": String("2"),
      "old_value": String("0"),
      "path": List([
        String("partial_ord_enum_variants_reordered"),
        String("DerivedToHandImpl"),
      ]),
      "span_begin_line": Uint64(132),
      "span_end_line": Uint64(132),
      "span_filename": String("src/lib.rs"),
      "variant_name": String("A"),
      "visibility_limit": String("public"),
    },
    {
      "enum_name": String("HandImplToDerived"),
      "new_value": String("0"),
      "old_value": String("1"),
      "path": List([
        String("partial_ord_enum_variants_reordered"),
        String("HandImplToDerived"),
      ]),
      "span_begin_line": Uint64(144),
      "span_end_line": Uint64(144),
      "span_filename": String("src/lib.rs"),
      "variant_name": String("B"),
      "visibility_limit": String("public"),
    },
    {
      "enum_name": String("HandImplToDerived"),
      "new_value": String("1"),
      "old_value": String("2"),
      "path": List([
        String("partial_ord_enum_variants_reordered"),
        String("HandImplToDerived"),
      ]),
      "span_begin_line": Uint64(145),
      "span_end_line": Uint64(145),
      "span_filename": String("src/lib.rs"),
      "variant_name": String("C"),
      "visibility_limit": String("public"),
    },
    {
      "enum_name": String("HandImplToDerived"),
      "new_value": String("2"),
      "old_value": String("0"),
      "path": List([
        String("partial_ord_enum_variants_reordered"),
        String("HandImplToDerived"),
      ]),
      "span_begin_line": Uint64(146),
      "span_end_line": Uint64(146),
      "span_filename": String("src/lib.rs"),
      "variant_name": String("A"),
      "visibility_limit": String("public"),
    },
  ],
  "./test_crates/partial_ord_enum_variants_reordered_non_exhaustive/": [
    {
      "enum_name": String("NewAtFront"),
      "new_value": String("1"),
      "old_value": String("0"),
      "path": List([
        String("partial_ord_enum_variants_reordered_non_exhaustive"),
        String("NewAtFront"),
      ]),
      "span_begin_line": Uint64(8),
      "span_end_line": Uint64(8),
      "span_filename": String("src/lib.rs"),
      "variant_name": String("A"),
      "visibility_limit": String("public"),
    },
    {
      "enum_name": String("NewAtFront"),
      "new_value": String("2"),
      "old_value": String("1"),
      "path": List([
        String("partial_ord_enum_variants_reordered_non_exhaustive"),
        String("NewAtFront"),
      ]),
      "span_begin_line": Uint64(9),
      "span_end_line": Uint64(9),
      "span_filename": String("src/lib.rs"),
      "variant_name": String("B"),
      "visibility_limit": String("public"),
    },
    {
      "enum_name": String("NewAtFront"),
      "new_value": String("3"),
      "old_value": String("2"),
      "path": List([
        String("partial_ord_enum_variants_reordered_non_exhaustive"),
        String("NewAtFront"),
      ]),
      "span_begin_line": Uint64(10),
      "span_end_line": Uint64(10),
      "span_filename": String("src/lib.rs"),
      "variant_name": String("C"),
      "visibility_limit": String("public"),
    },
    {
      "enum_name": String("InsertedInMiddle"),
      "new_value": String("2"),
      "old_value": String("1"),
      "path": List([
        String("partial_ord_enum_variants_reordered_non_exhaustive"),
        String("InsertedInMiddle"),
      ]),
      "span_begin_line": Uint64(19),
      "span_end_line": Uint64(19),
      "span_filename": String("src/lib.rs"),
      "variant_name": String("B"),
      "visibility_limit": String("public"),
    },
    {
      "enum_name": String("InsertedInMiddle"),
      "new_value": String("3"),
      "old_value": String("2"),
      "path": List([
        String("partial_ord_enum_variants_reordered_non_exhaustive"),
        String("InsertedInMiddle"),
      ]),
      "span_begin_line": Uint64(20),
      "span_end_line": Uint64(20),
      "span_filename": String("src/lib.rs"),
      "variant_name": String("C"),
      "visibility_limit": String("public"),
    },
    {
      "enum_name": String("MultipleInserted"),
      "new_value": String("1"),
      "old_value": String("0"),
      "path": List([
        String("partial_ord_enum_variants_reordered_non_exhaustive"),
        String("MultipleInserted"),
      ]),
      "span_begin_line": Uint64(28),
      "span_end_line": Uint64(28),
      "span_filename": String("src/lib.rs"),
      "variant_name": String("A"),
      "visibility_limit": String("public"),
    },
    {
      "enum_name": String("MultipleInserted"),
      "new_value": String("3"),
      "old_value": String("1"),
      "path": List([
        String("partial_ord_enum_variants_reordered_non_exhaustive"),
        String("MultipleInserted"),
      ]),
      "span_begin_line": Uint64(30),
      "span_end_line": Uint64(30),
      "span_filename": String("src/lib.rs"),
      "variant_name": String("B"),
      "visibility_limit": String("public"),
    },
    {
      "enum_name": String("MultipleInserted"),
      "new_value": String("4"),
      "old_value": String("2"),
      "path": List([
        String("partial_ord_enum_variants_reordered_non_exhaustive"),
        String("MultipleInserted"),
      ]),
      "span_begin_line": Uint64(31),
      "span_end_line": Uint64(31),
      "span_filename": String("src/lib.rs"),
      "variant_name": String("C"),
      "visibility_limit": String("public"),
    },
    {
      "enum_name": String("RemovedMiddle"),
      "new_value": String("1"),
      "old_value": String("2"),
      "path": List([
        String("partial_ord_enum_variants_reordered_non_exhaustive"),
        String("RemovedMiddle"),
      ]),
      "span_begin_line": Uint64(39),
      "span_end_line": Uint64(39),
      "span_filename": String("src/lib.rs"),
      "variant_name": String("C"),
      "visibility_limit": String("public"),
    },
    {
      "enum_name": String("RemovedMiddle"),
      "new_value": String("2"),
      "old_value": String("3"),
      "path": List([
        String("partial_ord_enum_variants_reordered_non_exhaustive"),
        String("RemovedMiddle"),
      ]),
      "span_begin_line": Uint64(40),
      "span_end_line": Uint64(40),
      "span_filename": String("src/lib.rs"),
      "variant_name": String("D"),
      "visibility_limit": String("public"),
    },
    {
      "enum_name": String("ExhaustiveWithNew"),
      "new_value": String("3"),
      "old_value": String("2"),
      "path": List([
        String("partial_ord_enum_variants_reordered_non_exhaustive"),
        String("ExhaustiveWithNew"),
      ]),
      "span_begin_line": Uint64(49),
      "span_end_line": Uint64(49),
      "span_filename": String("src/lib.rs"),
      "variant_name": String("C"),
      "visibility_limit": String("public"),
    },
    {
      "enum_name": String("AddAndRemove"),
      "new_value": String("1"),
      "old_value": String("0"),
      "path": List([
        String("partial_ord_enum_variants_reordered_non_exhaustive"),
        String("AddAndRemove"),
      ]),
      "span_begin_line": Uint64(57),
      "span_end_line": Uint64(57),
      "span_filename": String("src/lib.rs"),
      "variant_name": String("A"),
      "visibility_limit": String("public"),
    },
    {
      "enum_name": String("PlainReorder"),
      "new_value": String("0"),
      "old_value": String("2"),
      "path": List([
        String("partial_ord_enum_variants_reordered_non_exhaustive"),
        String("PlainReorder"),
      ]),
      "span_begin_line": Uint64(66),
      "span_end_line": Uint64(66),
      "span_filename": String("src/lib.rs"),
      "variant_name": String("C"),
      "visibility_limit": String("public"),
    },
    {
      "enum_name": String("PlainReorder"),
      "new_value": String("1"),
      "old_value": String("0"),
      "path": List([
        String("partial_ord_enum_variants_reordered_non_exhaustive"),
        String("PlainReorder"),
      ]),
      "span_begin_line": Uint64(67),
      "span_end_line": Uint64(67),
      "span_filename": String("src/lib.rs"),
      "variant_name": String("A"),
      "visibility_limit": String("public"),
    },
    {
      "enum_name": String("PlainReorder"),
      "new_value": String("2"),
      "old_value": String("1"),
      "path": List([
        String("partial_ord_enum_variants_reordered_non_exhaustive"),
        String("PlainReorder"),
      ]),
      "span_begin_line": Uint64(68),
      "span_end_line": Uint64(68),
      "span_filename": String("src/lib.rs"),
      "variant_name": String("B"),
      "visibility_limit": String("public"),
    },
    {
      "enum_name": String("ReorderWithNew"),
      "new_value": String("1"),
      "old_value": String("2"),
      "path": List([
        String("partial_ord_enum_variants_reordered_non_exhaustive"),
        String("ReorderWithNew"),
      ]),
      "span_begin_line": Uint64(76),
      "span_end_line": Uint64(76),
      "span_filename": String("src/lib.rs"),
      "variant_name": String("C"),
      "visibility_limit": String("public"),
    },
    {
      "enum_name": String("ReorderWithNew"),
      "new_value": String("2"),
      "old_value": String("0"),
      "path": List([
        String("partial_ord_enum_variants_reordered_non_exhaustive"),
        String("ReorderWithNew"),
      ]),
      "span_begin_line": Uint64(77),
      "span_end_line": Uint64(77),
      "span_filename": String("src/lib.rs"),
      "variant_name": String("A"),
      "visibility_limit": String("public"),
    },
    {
      "enum_name": String("ReorderWithNew"),
      "new_value": String("3"),
      "old_value": String("1"),
      "path": List([
        String("partial_ord_enum_variants_reordered_non_exhaustive"),
        String("ReorderWithNew"),
      ]),
      "span_begin_line": Uint64(78),
      "span_end_line": Uint64(78),
      "span_filename": String("src/lib.rs"),
      "variant_name": String("B"),
      "visibility_limit": String("public"),
    },
    {
      "enum_name": String("ReorderAfterRemoval"),
      "new_value": String("0"),
      "old_value": String("2"),
      "path": List([
        String("partial_ord_enum_variants_reordered_non_exhaustive"),
        String("ReorderAfterRemoval"),
      ]),
      "span_begin_line": Uint64(85),
      "span_end_line": Uint64(85),
      "span_filename": String("src/lib.rs"),
      "variant_name": String("C"),
      "visibility_limit": String("public"),
    },
    {
      "enum_name": String("ReorderAfterRemoval"),
      "new_value": String("1"),
      "old_value": String("3"),
      "path": List([
        String("partial_ord_enum_variants_reordered_non_exhaustive"),
        String("ReorderAfterRemoval"),
      ]),
      "span_begin_line": Uint64(86),
      "span_end_line": Uint64(86),
      "span_filename": String("src/lib.rs"),
      "variant_name": String("D"),
      "visibility_limit": String("public"),
    },
    {
      "enum_name": String("ReorderAfterRemoval"),
      "new_value": String("2"),
      "old_value": String("0"),
      "path": List([
        String("partial_ord_enum_variants_reordered_non_exhaustive"),
        String("ReorderAfterRemoval"),
      ]),
      "span_begin_line": Uint64(87),
      "span_end_line": Uint64(87),
      "span_filename": String("src/lib.rs"),
      "variant_name": String("A"),
      "visibility_limit": String("public"),
    },
    {
      "enum_name": String("MovedToEnd"),
      "new_value": String("0"),
      "old_value": String("1"),
      "path": List([
        String("partial_ord_enum_variants_reordered_non_exhaustive"),
        String("MovedToEnd"),
      ]),
      "span_begin_line": Uint64(94),
      "span_end_line": Uint64(94),
      "span_filename": String("src/lib.rs"),
      "variant_name": String("B"),
      "visibility_limit": String("public"),
    },
    {
      "enum_name": String("MovedToEnd"),
      "new_value": String("1"),
      "old_value": String("2"),
      "path": List([
        String("partial_ord_enum_variants_reordered_non_exhaustive"),
        String("MovedToEnd"),
      ]),
      "span_begin_line": Uint64(95),
      "span_end_line": Uint64(95),
      "span_filename": String("src/lib.rs"),
      "variant_name": String("C"),
      "visibility_limit": String("public"),
    },
    {
      "enum_name": String("MovedToEnd"),
      "new_value": String("2"),
      "old_value": String("3"),
      "path": List([
        String("partial_ord_enum_variants_reordered_non_exhaustive"),
        String("MovedToEnd"),
      ]),
      "span_begin_line": Uint64(96),
      "span_end_line": Uint64(96),
      "span_filename": String("src/lib.rs"),
      "variant_name": String("D"),
      "visibility_limit": String("public"),
    },
    {
      "enum_name": String("MovedToEnd"),
      "new_value": String("3"),
      "old_value": String("4"),
      "path": List([
        String("partial_ord_enum_variants_reordered_non_exhaustive"),
        String("MovedToEnd"),
      ]),
      "span_begin_line": Uint64(97),
      "span_end_line": Uint64(97),
      "span_filename": String("src/lib.rs"),
      "variant_name": String("E"),
      "visibility_limit": String("public"),
    },
    {
      "enum_name": String("MovedToEnd"),
      "new_value": String("4"),
      "old_value": String("0"),
      "path": List([
        String("partial_ord_enum_variants_reordered_non_exhaustive"),
        String("MovedToEnd"),
      ]),
      "span_begin_line": Uint64(98),
      "span_end_line": Uint64(98),
      "span_filename": String("src/lib.rs"),
      "variant_name": String("A"),
      "visibility_limit": String("public"),
    },
    {
      "enum_name": String("TwoSwapped"),
      "new_value": String("0"),
      "old_value": String("2"),
      "path": List([
        String("partial_ord_enum_variants_reordered_non_exhaustive"),
        String("TwoSwapped"),
      ]),
      "span_begin_line": Uint64(105),
      "span_end_line": Uint64(105),
      "span_filename": String("src/lib.rs"),
      "variant_name": String("C"),
      "visibility_limit": String("public"),
    },
    {
      "enum_name": String("TwoSwapped"),
      "new_value": String("2"),
      "old_value": String("0"),
      "path": List([
        String("partial_ord_enum_variants_reordered_non_exhaustive"),
        String("TwoSwapped"),
      ]),
      "span_begin_line": Uint64(107),
      "span_end_line": Uint64(107),
      "span_filename": String("src/lib.rs"),
      "variant_name": String("A"),
      "visibility_limit": String("public"),
    },
    {
      "enum_name": String("SingleVariant"),
      "new_value": String("1"),
      "old_value": String("0"),
      "path": List([
        String("partial_ord_enum_variants_reordered_non_exhaustive"),
        String("SingleVariant"),
      ]),
      "span_begin_line": Uint64(115),
      "span_end_line": Uint64(115),
      "span_filename": String("src/lib.rs"),
      "variant_name": String("A"),
      "visibility_limit": String("public"),
    },
    {
      "enum_name": String("FilledWithNew"),
      "new_value": String("1"),
      "old_value": String("0"),
      "path": List([
        String("partial_ord_enum_variants_reordered_non_exhaustive"),
        String("FilledWithNew"),
      ]),
      "span_begin_line": Uint64(123),
      "span_end_line": Uint64(123),
      "span_filename": String("src/lib.rs"),
      "variant_name": String("A"),
      "visibility_limit": String("public"),
    },
    {
      "enum_name": String("FilledWithNew"),
      "new_value": String("3"),
      "old_value": String("1"),
      "path": List([
        String("partial_ord_enum_variants_reordered_non_exhaustive"),
        String("FilledWithNew"),
      ]),
      "span_begin_line": Uint64(125),
      "span_end_line": Uint64(125),
      "span_filename": String("src/lib.rs"),
      "variant_name": String("B"),
      "visibility_limit": String("public"),
    },
    {
      "enum_name": String("FilledWithNew"),
      "new_value": String("5"),
      "old_value": String("2"),
      "path": List([
        String("partial_ord_enum_variants_reordered_non_exhaustive"),
        String("FilledWithNew"),
      ]),
      "span_begin_line": Uint64(127),
      "span_end_line": Uint64(127),
      "span_filename": String("src/lib.rs"),
      "variant_name": String("C"),
      "visibility_limit": String("public"),
    },
    {
      "enum_name": String("MixedShiftAndReorder"),
      "new_value": String("1"),
      "old_value": String("2"),
      "path": List([
        String("partial_ord_enum_variants_reordered_non_exhaustive"),
        String("MixedShiftAndReorder"),
      ]),
      "span_begin_line": Uint64(136),
      "span_end_line": Uint64(136),
      "span_filename": String("src/lib.rs"),
      "variant_name": String("C"),
      "visibility_limit": String("public"),
    },
    {
      "enum_name": String("MixedShiftAndReorder"),
      "new_value": String("2"),
      "old_value": String("0"),
      "path": List([
        String("partial_ord_enum_variants_reordered_non_exhaustive"),
        String("MixedShiftAndReorder"),
      ]),
      "span_begin_line": Uint64(137),
      "span_end_line": Uint64(137),
      "span_filename": String("src/lib.rs"),
      "variant_name": String("A"),
      "visibility_limit": String("public"),
    },
    {
      "enum_name": String("MixedShiftAndReorder"),
      "new_value": String("3"),
      "old_value": String("1"),
      "path": List([
        String("partial_ord_enum_variants_reordered_non_exhaustive"),
        String("MixedShiftAndReorder"),
      ]),
      "span_begin_line": Uint64(138),
      "span_end_line": Uint64(138),
      "span_filename": String("src/lib.rs"),
      "variant_name": String("B"),
      "visibility_limit": String("public"),
    },
    {
      "enum_name": String("MixedShiftAndReorder"),
      "new_value": String("4"),
      "old_value": String("3"),
      "path": List([
        String("partial_ord_enum_variants_reordered_non_exhaustive"),
        String("MixedShiftAndReorder"),
      ]),
      "span_begin_line": Uint64(139),
      "span_end_line": Uint64(139),
      "span_filename": String("src/lib.rs"),
      "variant_name": String("D"),
      "visibility_limit": String("public"),
    },
    {
      "enum_name": String("HiddenAdded"),
      "new_value": String("1"),
      "old_value": String("0"),
      "path": List([
        String("partial_ord_enum_variants_reordered_non_exhaustive"),
        String("HiddenAdded"),
      ]),
      "span_begin_line": Uint64(148),
      "span_end_line": Uint64(148),
      "span_filename": String("src/lib.rs"),
      "variant_name": String("A"),
      "visibility_limit": String("public"),
    },
    {
      "enum_name": String("HiddenAdded"),
      "new_value": String("2"),
      "old_value": String("1"),
      "path": List([
        String("partial_ord_enum_variants_reordered_non_exhaustive"),
        String("HiddenAdded"),
      ]),
      "span_begin_line": Uint64(149),
      "span_end_line": Uint64(149),
      "span_filename": String("src/lib.rs"),
      "variant_name": String("B"),
      "visibility_limit": String("public"),
    },
    {
      "enum_name": String("HiddenAdded"),
      "new_value": String("3"),
      "old_value": String("2"),
      "path": List([
        String("partial_ord_enum_variants_reordered_non_exhaustive"),
        String("HiddenAdded"),
      ]),
      "span_begin_line": Uint64(150),
      "span_end_line": Uint64(150),
      "span_filename": String("src/lib.rs"),
      "variant_name": String("C"),
      "visibility_limit": String("public"),
    },
    {
      "enum_name": String("SwapPlusNew"),
      "new_value": String("1"),
      "old_value": String("0"),
      "path": List([
        String("partial_ord_enum_variants_reordered_non_exhaustive"),
        String("SwapPlusNew"),
      ]),
      "span_begin_line": Uint64(158),
      "span_end_line": Uint64(158),
      "span_filename": String("src/lib.rs"),
      "variant_name": String("A"),
      "visibility_limit": String("public"),
    },
    {
      "enum_name": String("SwapPlusNew"),
      "new_value": String("3"),
      "old_value": String("1"),
      "path": List([
        String("partial_ord_enum_variants_reordered_non_exhaustive"),
        String("SwapPlusNew"),
      ]),
      "span_begin_line": Uint64(160),
      "span_end_line": Uint64(160),
      "span_filename": String("src/lib.rs"),
      "variant_name": String("B"),
      "visibility_limit": String("public"),
    },
    {
      "enum_name": String("NoDerivePartialOrd"),
      "new_value": String("0"),
      "old_value": String("2"),
      "path": List([
        String("partial_ord_enum_variants_reordered_non_exhaustive"),
        String("NoDerivePartialOrd"),
      ]),
      "span_begin_line": Uint64(185),
      "span_end_line": Uint64(185),
      "span_filename": String("src/lib.rs"),
      "variant_name": String("C"),
      "visibility_limit": String("public"),
    },
    {
      "enum_name": String("NoDerivePartialOrd"),
      "new_value": String("1"),
      "old_value": String("0"),
      "path": List([
        String("partial_ord_enum_variants_reordered_non_exhaustive"),
        String("NoDerivePartialOrd"),
      ]),
      "span_begin_line": Uint64(186),
      "span_end_line": Uint64(186),
      "span_filename": String("src/lib.rs"),
      "variant_name": String("A"),
      "visibility_limit": String("public"),
    },
    {
      "enum_name": String("NoDerivePartialOrd"),
      "new_value": String("2"),
      "old_value": String("1"),
      "path": List([
        String("partial_ord_enum_variants_reordered_non_exhaustive"),
        String("NoDerivePartialOrd"),
      ]),
      "span_begin_line": Uint64(187),
      "span_end_line": Uint64(187),
      "span_filename": String("src/lib.rs"),
      "variant_name": String("B"),
      "visibility_limit": String("public"),
    },
  ],
}
