---
source: src/query.rs
expression: "&query_execution_results"
snapshot_kind: text
---
{
  "./test_crates/feature_missing/": [
    {
      "name": String("going_missing"),
      "ordering_key": String("going_missing"),
    },
    {
      "name": String("rand"),
      "ordering_key": String("rand"),
    },
    {
      "name": String("rand_pcg"),
      "ordering_key": String("rand_pcg"),
    },
  ],
  "./test_crates/feature_not_enabled_by_default/": [
    {
      "name": String("missing_entirely"),
      "ordering_key": String("missing_entirely"),
    },
  ],
  "./test_crates/function_feature_changed/": [
    {
      "name": String("feature_to_be_removed"),
      "ordering_key": String("feature_to_be_removed"),
    },
  ],
}
