---
source: src/query.rs
---
{
  "./test_crates/feature_no_longer_enables_feature/": [
    {
      "feature_name": String("extras"),
      "implied_feature_name": String("alloc"),
      "ordering_key": String("extras"),
      "ordering_key1": String("alloc"),
    },
  ],
  "./test_crates/feature_not_enabled_by_default/": [
    {
      "feature_name": String("path_b"),
      "implied_feature_name": String("root"),
      "ordering_key": String("path_b"),
      "ordering_key1": String("root"),
    },
    {
      "feature_name": String("transitive"),
      "implied_feature_name": String("indirect_feature"),
      "ordering_key": String("transitive"),
      "ordering_key1": String("indirect_feature"),
    },
  ],
}
