---
source: src/query.rs
expression: "&query_execution_results"
---
{
  "./test_crates/function_marked_deprecated/": [
    {
      "name": String("function_to_deprecated"),
      "path": List([
        String("function_marked_deprecated"),
        String("function_to_deprecated"),
      ]),
      "span_begin_line": Uint64(5),
      "span_filename": String("src/lib.rs"),
      "visibility_limit": String("public"),
    },
    {
      "name": String("function_to_deprecated_message"),
      "path": List([
        String("function_marked_deprecated"),
        String("function_to_deprecated_message"),
      ]),
      "span_begin_line": Uint64(10),
      "span_filename": String("src/lib.rs"),
      "visibility_limit": String("public"),
    },
  ],
}
