---
source: src/query.rs
---
{
  "./test_crates/function_no_longer_variadic/": [
    {
      "abi_raw_name": String("C"),
      "parameter_names": List([]),
      "path": List([
        String("function_no_longer_variadic"),
        String("no_fixed_definition"),
      ]),
      "span_begin_line": Uint64(9),
      "span_end_line": Uint64(9),
      "span_filename": String("src/lib.rs"),
    },
    {
      "abi_raw_name": String("C"),
      "parameter_names": List([
        String("_"),
      ]),
      "path": List([
        String("function_no_longer_variadic"),
        String("fixed_definition"),
      ]),
      "span_begin_line": Uint64(10),
      "span_end_line": Uint64(10),
      "span_filename": String("src/lib.rs"),
    },
    {
      "abi_raw_name": String("C-unwind"),
      "parameter_names": List([
        String("_"),
      ]),
      "path": List([
        String("function_no_longer_variadic"),
        String("unwind_definition"),
      ]),
      "span_begin_line": Uint64(11),
      "span_end_line": Uint64(11),
      "span_filename": String("src/lib.rs"),
    },
    {
      "abi_raw_name": String("C"),
      "parameter_names": List([
        String("_first"),
      ]),
      "path": List([
        String("function_no_longer_variadic"),
        String("added_fixed_parameter"),
      ]),
      "span_begin_line": Uint64(15),
      "span_end_line": Uint64(15),
      "span_filename": String("src/lib.rs"),
    },
    {
      "abi_raw_name": String("C"),
      "parameter_names": List([
        String("_first"),
        String("_second"),
      ]),
      "path": List([
        String("function_no_longer_variadic"),
        String("removed_fixed_parameter"),
      ]),
      "span_begin_line": Uint64(16),
      "span_end_line": Uint64(16),
      "span_filename": String("src/lib.rs"),
    },
    {
      "abi_raw_name": String("C"),
      "parameter_names": List([
        String("value"),
      ]),
      "path": List([
        String("function_no_longer_variadic"),
        String("provided_by_downstream"),
      ]),
      "span_begin_line": Uint64(34),
      "span_end_line": Uint64(34),
      "span_filename": String("src/lib.rs"),
    },
    {
      "abi_raw_name": String("C"),
      "parameter_names": List([
        String("value"),
      ]),
      "path": List([
        String("function_no_longer_variadic"),
        String("explicit_unsafe_declaration"),
      ]),
      "span_begin_line": Uint64(35),
      "span_end_line": Uint64(35),
      "span_filename": String("src/lib.rs"),
    },
    {
      "abi_raw_name": String("C"),
      "parameter_names": List([
        String("value"),
      ]),
      "path": List([
        String("function_no_longer_variadic"),
        String("safe_declaration"),
      ]),
      "span_begin_line": Uint64(36),
      "span_end_line": Uint64(36),
      "span_filename": String("src/lib.rs"),
    },
    {
      "abi_raw_name": String("C"),
      "parameter_names": List([]),
      "path": List([
        String("function_no_longer_variadic"),
        String("no_fixed_declaration"),
      ]),
      "span_begin_line": Uint64(37),
      "span_end_line": Uint64(37),
      "span_filename": String("src/lib.rs"),
    },
    {
      "abi_raw_name": String("C-unwind"),
      "parameter_names": List([
        String("value"),
      ]),
      "path": List([
        String("function_no_longer_variadic"),
        String("unwind_declaration"),
      ]),
      "span_begin_line": Uint64(41),
      "span_end_line": Uint64(41),
      "span_filename": String("src/lib.rs"),
    },
    {
      "abi_raw_name": String("system"),
      "parameter_names": List([
        String("value"),
      ]),
      "path": List([
        String("function_no_longer_variadic"),
        String("system_declaration"),
      ]),
      "span_begin_line": Uint64(45),
      "span_end_line": Uint64(45),
      "span_filename": String("src/lib.rs"),
    },
    {
      "abi_raw_name": String("C"),
      "parameter_names": List([
        String("_"),
      ]),
      "path": List([
        String("function_no_longer_variadic"),
        String("reexported"),
      ]),
      "span_begin_line": Uint64(49),
      "span_end_line": Uint64(49),
      "span_filename": String("src/lib.rs"),
    },
  ],
  "./test_crates/function_now_variadic/": [
    {
      "abi_raw_name": String("C"),
      "parameter_names": List([
        String("_"),
      ]),
      "path": List([
        String("function_now_variadic"),
        String("opposite_direction"),
      ]),
      "span_begin_line": Uint64(89),
      "span_end_line": Uint64(89),
      "span_filename": String("src/lib.rs"),
    },
  ],
}
