---
source: src/query.rs
---
{
  "./test_crates/function_no_longer_unsafe/": [
    {
      "name": String("add"),
      "path": List([
        String("function_no_longer_unsafe"),
        String("add"),
      ]),
      "span_begin_line": Uint64(3),
      "span_end_line": Uint64(5),
      "span_filename": String("src/lib.rs"),
      "visibility_limit": String("public"),
    },
  ],
  "./test_crates/safe_vs_unsafe_extern_fn/": [
    {
      "name": String("originally_legacy_now_unsafe_extern_and_safe"),
      "path": List([
        String("safe_vs_unsafe_extern_fn"),
        String("originally_legacy_now_unsafe_extern_and_safe"),
      ]),
      "span_begin_line": Uint64(8),
      "span_end_line": Uint64(8),
      "span_filename": String("src/lib.rs"),
      "visibility_limit": String("public"),
    },
  ],
  "./test_crates/unsafe_function_requires_more_target_features/": [
    {
      "name": String("becomes_safe"),
      "path": List([
        String("unsafe_function_requires_more_target_features"),
        String("becomes_safe"),
      ]),
      "span_begin_line": Uint64(50),
      "span_end_line": Uint64(50),
      "span_filename": String("src/lib.rs"),
      "visibility_limit": String("public"),
    },
  ],
  "./test_crates/unsafe_function_target_feature_added/": [
    {
      "name": String("becomes_safe"),
      "path": List([
        String("unsafe_function_target_feature_added"),
        String("becomes_safe"),
      ]),
      "span_begin_line": Uint64(22),
      "span_end_line": Uint64(22),
      "span_filename": String("src/lib.rs"),
      "visibility_limit": String("public"),
    },
  ],
}
