---
source: src/query.rs
---
{
  "./test_crates/global_value_marked_deprecated/": [
    {
      "kind": String("Constant"),
      "name": String("VALUE_TO_DEPRECATED"),
      "path": List([
        String("global_value_marked_deprecated"),
        String("VALUE_TO_DEPRECATED"),
      ]),
      "span_begin_line": Uint64(5),
      "span_end_line": Uint64(5),
      "span_filename": String("src/lib.rs"),
      "visibility_limit": String("public"),
    },
    {
      "kind": String("Static"),
      "name": String("STATIC_TO_DEPRECATED"),
      "path": List([
        String("global_value_marked_deprecated"),
        String("STATIC_TO_DEPRECATED"),
      ]),
      "span_begin_line": Uint64(8),
      "span_end_line": Uint64(8),
      "span_filename": String("src/lib.rs"),
      "visibility_limit": String("public"),
    },
    {
      "kind": String("Static"),
      "name": String("CONST_BECOMING_STATIC"),
      "path": List([
        String("global_value_marked_deprecated"),
        String("CONST_BECOMING_STATIC"),
      ]),
      "span_begin_line": Uint64(12),
      "span_end_line": Uint64(12),
      "span_filename": String("src/lib.rs"),
      "visibility_limit": String("public"),
    },
    {
      "kind": String("Constant"),
      "name": String("STATIC_BECOMING_CONST"),
      "path": List([
        String("global_value_marked_deprecated"),
        String("STATIC_BECOMING_CONST"),
      ]),
      "span_begin_line": Uint64(16),
      "span_end_line": Uint64(16),
      "span_filename": String("src/lib.rs"),
      "visibility_limit": String("public"),
    },
    {
      "kind": String("Constant"),
      "name": String("VALUE_TO_DEPRECATED_MESSAGE"),
      "path": List([
        String("global_value_marked_deprecated"),
        String("VALUE_TO_DEPRECATED_MESSAGE"),
      ]),
      "span_begin_line": Uint64(19),
      "span_end_line": Uint64(19),
      "span_filename": String("src/lib.rs"),
      "visibility_limit": String("public"),
    },
    {
      "kind": String("Static"),
      "name": String("STATIC_TO_DEPRECATED_MESSAGE"),
      "path": List([
        String("global_value_marked_deprecated"),
        String("STATIC_TO_DEPRECATED_MESSAGE"),
      ]),
      "span_begin_line": Uint64(22),
      "span_end_line": Uint64(22),
      "span_filename": String("src/lib.rs"),
      "visibility_limit": String("public"),
    },
  ],
}
