---
source: src/query.rs
expression: "&query_execution_results"
---
{
  "./test_crates/method_receiver_changes/": [
    {
      "method_name": String("rcbox_refmut_to_owned"),
      "name": String("PublicStruct"),
      "owner_type": String("Struct"),
      "path": List([
        String("method_receiver_changes"),
        String("PublicStruct"),
      ]),
      "receiver_kind": String("Rc<Box<Self>>"),
      "span_begin_line": Uint64(20),
      "span_end_line": Uint64(22),
      "span_filename": String("src/lib.rs"),
    },
    {
      "method_name": String("rcbox_refmut_to_owned"),
      "name": String("PublicEnum"),
      "owner_type": String("Enum"),
      "path": List([
        String("method_receiver_changes"),
        String("PublicEnum"),
      ]),
      "receiver_kind": String("Rc<Box<Self>>"),
      "span_begin_line": Uint64(76),
      "span_end_line": Uint64(78),
      "span_filename": String("src/lib.rs"),
    },
  ],
}
