---
source: src/query.rs
---
{
  "./test_crates/method_receiver_changes/": [
    {
      "method_name": String("self_ref_to_refmut"),
      "name": String("PublicStruct"),
      "owner_type": String("Struct"),
      "path": List([
        String("method_receiver_changes"),
        String("PublicStruct"),
      ]),
      "receiver_kind": String("Self"),
      "span_begin_line": Uint64(8),
      "span_end_line": Uint64(10),
      "span_filename": String("src/lib.rs"),
    },
    {
      "method_name": String("self_ref_to_refmut"),
      "name": String("PublicEnum"),
      "owner_type": String("Enum"),
      "path": List([
        String("method_receiver_changes"),
        String("PublicEnum"),
      ]),
      "receiver_kind": String("Self"),
      "span_begin_line": Uint64(64),
      "span_end_line": Uint64(66),
      "span_filename": String("src/lib.rs"),
    },
  ],
}
