---
source: src/query.rs
assertion_line: 1073
---
{
  "./test_crates/partial_ord_enum_variants_reordered/": [
    {
      "name": String("PublicEnum"),
      "new_position": Int64(1),
      "path": List([
        String("partial_ord_enum_variants_reordered"),
        String("PublicEnum"),
      ]),
      "position": Int64(2),
      "span_begin_line": Uint64(6),
      "span_end_line": Uint64(6),
      "span_filename": String("src/lib.rs"),
      "variant_name": String("B"),
    },
    {
      "name": String("PublicEnum"),
      "new_position": Int64(2),
      "path": List([
        String("partial_ord_enum_variants_reordered"),
        String("PublicEnum"),
      ]),
      "position": Int64(3),
      "span_begin_line": Uint64(7),
      "span_end_line": Uint64(7),
      "span_filename": String("src/lib.rs"),
      "variant_name": String("C"),
    },
    {
      "name": String("PublicEnum"),
      "new_position": Int64(3),
      "path": List([
        String("partial_ord_enum_variants_reordered"),
        String("PublicEnum"),
      ]),
      "position": Int64(1),
      "span_begin_line": Uint64(8),
      "span_end_line": Uint64(8),
      "span_filename": String("src/lib.rs"),
      "variant_name": String("A"),
    },
    {
      "name": String("MultipleDerivesWithPartialOrd"),
      "new_position": Int64(1),
      "path": List([
        String("partial_ord_enum_variants_reordered"),
        String("MultipleDerivesWithPartialOrd"),
      ]),
      "position": Int64(2),
      "span_begin_line": Uint64(74),
      "span_end_line": Uint64(74),
      "span_filename": String("src/lib.rs"),
      "variant_name": String("B"),
    },
    {
      "name": String("MultipleDerivesWithPartialOrd"),
      "new_position": Int64(2),
      "path": List([
        String("partial_ord_enum_variants_reordered"),
        String("MultipleDerivesWithPartialOrd"),
      ]),
      "position": Int64(3),
      "span_begin_line": Uint64(75),
      "span_end_line": Uint64(75),
      "span_filename": String("src/lib.rs"),
      "variant_name": String("C"),
    },
    {
      "name": String("MultipleDerivesWithPartialOrd"),
      "new_position": Int64(3),
      "path": List([
        String("partial_ord_enum_variants_reordered"),
        String("MultipleDerivesWithPartialOrd"),
      ]),
      "position": Int64(1),
      "span_begin_line": Uint64(76),
      "span_end_line": Uint64(76),
      "span_filename": String("src/lib.rs"),
      "variant_name": String("A"),
    },
    {
      "name": String("MixedVariantTypes"),
      "new_position": Int64(1),
      "path": List([
        String("partial_ord_enum_variants_reordered"),
        String("MixedVariantTypes"),
      ]),
      "position": Int64(2),
      "span_begin_line": Uint64(82),
      "span_end_line": Uint64(82),
      "span_filename": String("src/lib.rs"),
      "variant_name": String("Tuple"),
    },
    {
      "name": String("MixedVariantTypes"),
      "new_position": Int64(2),
      "path": List([
        String("partial_ord_enum_variants_reordered"),
        String("MixedVariantTypes"),
      ]),
      "position": Int64(3),
      "span_begin_line": Uint64(83),
      "span_end_line": Uint64(83),
      "span_filename": String("src/lib.rs"),
      "variant_name": String("Struct"),
    },
    {
      "name": String("MixedVariantTypes"),
      "new_position": Int64(3),
      "path": List([
        String("partial_ord_enum_variants_reordered"),
        String("MixedVariantTypes"),
      ]),
      "position": Int64(1),
      "span_begin_line": Uint64(84),
      "span_end_line": Uint64(84),
      "span_filename": String("src/lib.rs"),
      "variant_name": String("Unit"),
    },
    {
      "name": String("StructVariants"),
      "new_position": Int64(1),
      "path": List([
        String("partial_ord_enum_variants_reordered"),
        String("StructVariants"),
      ]),
      "position": Int64(2),
      "span_begin_line": Uint64(90),
      "span_end_line": Uint64(90),
      "span_filename": String("src/lib.rs"),
      "variant_name": String("B"),
    },
    {
      "name": String("StructVariants"),
      "new_position": Int64(2),
      "path": List([
        String("partial_ord_enum_variants_reordered"),
        String("StructVariants"),
      ]),
      "position": Int64(3),
      "span_begin_line": Uint64(91),
      "span_end_line": Uint64(91),
      "span_filename": String("src/lib.rs"),
      "variant_name": String("C"),
    },
    {
      "name": String("StructVariants"),
      "new_position": Int64(3),
      "path": List([
        String("partial_ord_enum_variants_reordered"),
        String("StructVariants"),
      ]),
      "position": Int64(1),
      "span_begin_line": Uint64(92),
      "span_end_line": Uint64(92),
      "span_filename": String("src/lib.rs"),
      "variant_name": String("A"),
    },
    {
      "name": String("TupleVariants"),
      "new_position": Int64(1),
      "path": List([
        String("partial_ord_enum_variants_reordered"),
        String("TupleVariants"),
      ]),
      "position": Int64(2),
      "span_begin_line": Uint64(98),
      "span_end_line": Uint64(98),
      "span_filename": String("src/lib.rs"),
      "variant_name": String("B"),
    },
    {
      "name": String("TupleVariants"),
      "new_position": Int64(2),
      "path": List([
        String("partial_ord_enum_variants_reordered"),
        String("TupleVariants"),
      ]),
      "position": Int64(3),
      "span_begin_line": Uint64(99),
      "span_end_line": Uint64(99),
      "span_filename": String("src/lib.rs"),
      "variant_name": String("C"),
    },
    {
      "name": String("TupleVariants"),
      "new_position": Int64(3),
      "path": List([
        String("partial_ord_enum_variants_reordered"),
        String("TupleVariants"),
      ]),
      "position": Int64(1),
      "span_begin_line": Uint64(100),
      "span_end_line": Uint64(100),
      "span_filename": String("src/lib.rs"),
      "variant_name": String("A"),
    },
    {
      "name": String("WithDiscriminants"),
      "new_position": Int64(1),
      "path": List([
        String("partial_ord_enum_variants_reordered"),
        String("WithDiscriminants"),
      ]),
      "position": Int64(2),
      "span_begin_line": Uint64(106),
      "span_end_line": Uint64(106),
      "span_filename": String("src/lib.rs"),
      "variant_name": String("B"),
    },
    {
      "name": String("WithDiscriminants"),
      "new_position": Int64(2),
      "path": List([
        String("partial_ord_enum_variants_reordered"),
        String("WithDiscriminants"),
      ]),
      "position": Int64(3),
      "span_begin_line": Uint64(107),
      "span_end_line": Uint64(107),
      "span_filename": String("src/lib.rs"),
      "variant_name": String("C"),
    },
    {
      "name": String("WithDiscriminants"),
      "new_position": Int64(3),
      "path": List([
        String("partial_ord_enum_variants_reordered"),
        String("WithDiscriminants"),
      ]),
      "position": Int64(1),
      "span_begin_line": Uint64(108),
      "span_end_line": Uint64(108),
      "span_filename": String("src/lib.rs"),
      "variant_name": String("A"),
    },
  ],
  "./test_crates/partial_ord_enum_variants_reordered_non_exhaustive/": [
    {
      "name": String("NewAtFront"),
      "new_position": Int64(2),
      "path": List([
        String("partial_ord_enum_variants_reordered_non_exhaustive"),
        String("NewAtFront"),
      ]),
      "position": Int64(1),
      "span_begin_line": Uint64(8),
      "span_end_line": Uint64(8),
      "span_filename": String("src/lib.rs"),
      "variant_name": String("A"),
    },
    {
      "name": String("NewAtFront"),
      "new_position": Int64(3),
      "path": List([
        String("partial_ord_enum_variants_reordered_non_exhaustive"),
        String("NewAtFront"),
      ]),
      "position": Int64(2),
      "span_begin_line": Uint64(9),
      "span_end_line": Uint64(9),
      "span_filename": String("src/lib.rs"),
      "variant_name": String("B"),
    },
    {
      "name": String("NewAtFront"),
      "new_position": Int64(4),
      "path": List([
        String("partial_ord_enum_variants_reordered_non_exhaustive"),
        String("NewAtFront"),
      ]),
      "position": Int64(3),
      "span_begin_line": Uint64(10),
      "span_end_line": Uint64(10),
      "span_filename": String("src/lib.rs"),
      "variant_name": String("C"),
    },
    {
      "name": String("InsertedInMiddle"),
      "new_position": Int64(3),
      "path": List([
        String("partial_ord_enum_variants_reordered_non_exhaustive"),
        String("InsertedInMiddle"),
      ]),
      "position": Int64(2),
      "span_begin_line": Uint64(19),
      "span_end_line": Uint64(19),
      "span_filename": String("src/lib.rs"),
      "variant_name": String("B"),
    },
    {
      "name": String("InsertedInMiddle"),
      "new_position": Int64(4),
      "path": List([
        String("partial_ord_enum_variants_reordered_non_exhaustive"),
        String("InsertedInMiddle"),
      ]),
      "position": Int64(3),
      "span_begin_line": Uint64(20),
      "span_end_line": Uint64(20),
      "span_filename": String("src/lib.rs"),
      "variant_name": String("C"),
    },
    {
      "name": String("MultipleInserted"),
      "new_position": Int64(2),
      "path": List([
        String("partial_ord_enum_variants_reordered_non_exhaustive"),
        String("MultipleInserted"),
      ]),
      "position": Int64(1),
      "span_begin_line": Uint64(28),
      "span_end_line": Uint64(28),
      "span_filename": String("src/lib.rs"),
      "variant_name": String("A"),
    },
    {
      "name": String("MultipleInserted"),
      "new_position": Int64(4),
      "path": List([
        String("partial_ord_enum_variants_reordered_non_exhaustive"),
        String("MultipleInserted"),
      ]),
      "position": Int64(2),
      "span_begin_line": Uint64(30),
      "span_end_line": Uint64(30),
      "span_filename": String("src/lib.rs"),
      "variant_name": String("B"),
    },
    {
      "name": String("MultipleInserted"),
      "new_position": Int64(5),
      "path": List([
        String("partial_ord_enum_variants_reordered_non_exhaustive"),
        String("MultipleInserted"),
      ]),
      "position": Int64(3),
      "span_begin_line": Uint64(31),
      "span_end_line": Uint64(31),
      "span_filename": String("src/lib.rs"),
      "variant_name": String("C"),
    },
    {
      "name": String("RemovedMiddle"),
      "new_position": Int64(2),
      "path": List([
        String("partial_ord_enum_variants_reordered_non_exhaustive"),
        String("RemovedMiddle"),
      ]),
      "position": Int64(3),
      "span_begin_line": Uint64(39),
      "span_end_line": Uint64(39),
      "span_filename": String("src/lib.rs"),
      "variant_name": String("C"),
    },
    {
      "name": String("RemovedMiddle"),
      "new_position": Int64(3),
      "path": List([
        String("partial_ord_enum_variants_reordered_non_exhaustive"),
        String("RemovedMiddle"),
      ]),
      "position": Int64(4),
      "span_begin_line": Uint64(40),
      "span_end_line": Uint64(40),
      "span_filename": String("src/lib.rs"),
      "variant_name": String("D"),
    },
    {
      "name": String("ExhaustiveWithNew"),
      "new_position": Int64(4),
      "path": List([
        String("partial_ord_enum_variants_reordered_non_exhaustive"),
        String("ExhaustiveWithNew"),
      ]),
      "position": Int64(3),
      "span_begin_line": Uint64(49),
      "span_end_line": Uint64(49),
      "span_filename": String("src/lib.rs"),
      "variant_name": String("C"),
    },
    {
      "name": String("AddAndRemove"),
      "new_position": Int64(2),
      "path": List([
        String("partial_ord_enum_variants_reordered_non_exhaustive"),
        String("AddAndRemove"),
      ]),
      "position": Int64(1),
      "span_begin_line": Uint64(57),
      "span_end_line": Uint64(57),
      "span_filename": String("src/lib.rs"),
      "variant_name": String("A"),
    },
    {
      "name": String("PlainReorder"),
      "new_position": Int64(1),
      "path": List([
        String("partial_ord_enum_variants_reordered_non_exhaustive"),
        String("PlainReorder"),
      ]),
      "position": Int64(3),
      "span_begin_line": Uint64(66),
      "span_end_line": Uint64(66),
      "span_filename": String("src/lib.rs"),
      "variant_name": String("C"),
    },
    {
      "name": String("PlainReorder"),
      "new_position": Int64(2),
      "path": List([
        String("partial_ord_enum_variants_reordered_non_exhaustive"),
        String("PlainReorder"),
      ]),
      "position": Int64(1),
      "span_begin_line": Uint64(67),
      "span_end_line": Uint64(67),
      "span_filename": String("src/lib.rs"),
      "variant_name": String("A"),
    },
    {
      "name": String("PlainReorder"),
      "new_position": Int64(3),
      "path": List([
        String("partial_ord_enum_variants_reordered_non_exhaustive"),
        String("PlainReorder"),
      ]),
      "position": Int64(2),
      "span_begin_line": Uint64(68),
      "span_end_line": Uint64(68),
      "span_filename": String("src/lib.rs"),
      "variant_name": String("B"),
    },
    {
      "name": String("ReorderWithNew"),
      "new_position": Int64(2),
      "path": List([
        String("partial_ord_enum_variants_reordered_non_exhaustive"),
        String("ReorderWithNew"),
      ]),
      "position": Int64(3),
      "span_begin_line": Uint64(76),
      "span_end_line": Uint64(76),
      "span_filename": String("src/lib.rs"),
      "variant_name": String("C"),
    },
    {
      "name": String("ReorderWithNew"),
      "new_position": Int64(3),
      "path": List([
        String("partial_ord_enum_variants_reordered_non_exhaustive"),
        String("ReorderWithNew"),
      ]),
      "position": Int64(1),
      "span_begin_line": Uint64(77),
      "span_end_line": Uint64(77),
      "span_filename": String("src/lib.rs"),
      "variant_name": String("A"),
    },
    {
      "name": String("ReorderWithNew"),
      "new_position": Int64(4),
      "path": List([
        String("partial_ord_enum_variants_reordered_non_exhaustive"),
        String("ReorderWithNew"),
      ]),
      "position": Int64(2),
      "span_begin_line": Uint64(78),
      "span_end_line": Uint64(78),
      "span_filename": String("src/lib.rs"),
      "variant_name": String("B"),
    },
    {
      "name": String("ReorderAfterRemoval"),
      "new_position": Int64(1),
      "path": List([
        String("partial_ord_enum_variants_reordered_non_exhaustive"),
        String("ReorderAfterRemoval"),
      ]),
      "position": Int64(3),
      "span_begin_line": Uint64(85),
      "span_end_line": Uint64(85),
      "span_filename": String("src/lib.rs"),
      "variant_name": String("C"),
    },
    {
      "name": String("ReorderAfterRemoval"),
      "new_position": Int64(2),
      "path": List([
        String("partial_ord_enum_variants_reordered_non_exhaustive"),
        String("ReorderAfterRemoval"),
      ]),
      "position": Int64(4),
      "span_begin_line": Uint64(86),
      "span_end_line": Uint64(86),
      "span_filename": String("src/lib.rs"),
      "variant_name": String("D"),
    },
    {
      "name": String("ReorderAfterRemoval"),
      "new_position": Int64(3),
      "path": List([
        String("partial_ord_enum_variants_reordered_non_exhaustive"),
        String("ReorderAfterRemoval"),
      ]),
      "position": Int64(1),
      "span_begin_line": Uint64(87),
      "span_end_line": Uint64(87),
      "span_filename": String("src/lib.rs"),
      "variant_name": String("A"),
    },
    {
      "name": String("MovedToEnd"),
      "new_position": Int64(1),
      "path": List([
        String("partial_ord_enum_variants_reordered_non_exhaustive"),
        String("MovedToEnd"),
      ]),
      "position": Int64(2),
      "span_begin_line": Uint64(94),
      "span_end_line": Uint64(94),
      "span_filename": String("src/lib.rs"),
      "variant_name": String("B"),
    },
    {
      "name": String("MovedToEnd"),
      "new_position": Int64(2),
      "path": List([
        String("partial_ord_enum_variants_reordered_non_exhaustive"),
        String("MovedToEnd"),
      ]),
      "position": Int64(3),
      "span_begin_line": Uint64(95),
      "span_end_line": Uint64(95),
      "span_filename": String("src/lib.rs"),
      "variant_name": String("C"),
    },
    {
      "name": String("MovedToEnd"),
      "new_position": Int64(3),
      "path": List([
        String("partial_ord_enum_variants_reordered_non_exhaustive"),
        String("MovedToEnd"),
      ]),
      "position": Int64(4),
      "span_begin_line": Uint64(96),
      "span_end_line": Uint64(96),
      "span_filename": String("src/lib.rs"),
      "variant_name": String("D"),
    },
    {
      "name": String("MovedToEnd"),
      "new_position": Int64(4),
      "path": List([
        String("partial_ord_enum_variants_reordered_non_exhaustive"),
        String("MovedToEnd"),
      ]),
      "position": Int64(5),
      "span_begin_line": Uint64(97),
      "span_end_line": Uint64(97),
      "span_filename": String("src/lib.rs"),
      "variant_name": String("E"),
    },
    {
      "name": String("MovedToEnd"),
      "new_position": Int64(5),
      "path": List([
        String("partial_ord_enum_variants_reordered_non_exhaustive"),
        String("MovedToEnd"),
      ]),
      "position": Int64(1),
      "span_begin_line": Uint64(98),
      "span_end_line": Uint64(98),
      "span_filename": String("src/lib.rs"),
      "variant_name": String("A"),
    },
    {
      "name": String("TwoSwapped"),
      "new_position": Int64(1),
      "path": List([
        String("partial_ord_enum_variants_reordered_non_exhaustive"),
        String("TwoSwapped"),
      ]),
      "position": Int64(3),
      "span_begin_line": Uint64(105),
      "span_end_line": Uint64(105),
      "span_filename": String("src/lib.rs"),
      "variant_name": String("C"),
    },
    {
      "name": String("TwoSwapped"),
      "new_position": Int64(3),
      "path": List([
        String("partial_ord_enum_variants_reordered_non_exhaustive"),
        String("TwoSwapped"),
      ]),
      "position": Int64(1),
      "span_begin_line": Uint64(107),
      "span_end_line": Uint64(107),
      "span_filename": String("src/lib.rs"),
      "variant_name": String("A"),
    },
    {
      "name": String("SingleVariant"),
      "new_position": Int64(2),
      "path": List([
        String("partial_ord_enum_variants_reordered_non_exhaustive"),
        String("SingleVariant"),
      ]),
      "position": Int64(1),
      "span_begin_line": Uint64(115),
      "span_end_line": Uint64(115),
      "span_filename": String("src/lib.rs"),
      "variant_name": String("A"),
    },
    {
      "name": String("FilledWithNew"),
      "new_position": Int64(2),
      "path": List([
        String("partial_ord_enum_variants_reordered_non_exhaustive"),
        String("FilledWithNew"),
      ]),
      "position": Int64(1),
      "span_begin_line": Uint64(123),
      "span_end_line": Uint64(123),
      "span_filename": String("src/lib.rs"),
      "variant_name": String("A"),
    },
    {
      "name": String("FilledWithNew"),
      "new_position": Int64(4),
      "path": List([
        String("partial_ord_enum_variants_reordered_non_exhaustive"),
        String("FilledWithNew"),
      ]),
      "position": Int64(2),
      "span_begin_line": Uint64(125),
      "span_end_line": Uint64(125),
      "span_filename": String("src/lib.rs"),
      "variant_name": String("B"),
    },
    {
      "name": String("FilledWithNew"),
      "new_position": Int64(6),
      "path": List([
        String("partial_ord_enum_variants_reordered_non_exhaustive"),
        String("FilledWithNew"),
      ]),
      "position": Int64(3),
      "span_begin_line": Uint64(127),
      "span_end_line": Uint64(127),
      "span_filename": String("src/lib.rs"),
      "variant_name": String("C"),
    },
    {
      "name": String("MixedShiftAndReorder"),
      "new_position": Int64(2),
      "path": List([
        String("partial_ord_enum_variants_reordered_non_exhaustive"),
        String("MixedShiftAndReorder"),
      ]),
      "position": Int64(3),
      "span_begin_line": Uint64(136),
      "span_end_line": Uint64(136),
      "span_filename": String("src/lib.rs"),
      "variant_name": String("C"),
    },
    {
      "name": String("MixedShiftAndReorder"),
      "new_position": Int64(3),
      "path": List([
        String("partial_ord_enum_variants_reordered_non_exhaustive"),
        String("MixedShiftAndReorder"),
      ]),
      "position": Int64(1),
      "span_begin_line": Uint64(137),
      "span_end_line": Uint64(137),
      "span_filename": String("src/lib.rs"),
      "variant_name": String("A"),
    },
    {
      "name": String("MixedShiftAndReorder"),
      "new_position": Int64(4),
      "path": List([
        String("partial_ord_enum_variants_reordered_non_exhaustive"),
        String("MixedShiftAndReorder"),
      ]),
      "position": Int64(2),
      "span_begin_line": Uint64(138),
      "span_end_line": Uint64(138),
      "span_filename": String("src/lib.rs"),
      "variant_name": String("B"),
    },
    {
      "name": String("MixedShiftAndReorder"),
      "new_position": Int64(5),
      "path": List([
        String("partial_ord_enum_variants_reordered_non_exhaustive"),
        String("MixedShiftAndReorder"),
      ]),
      "position": Int64(4),
      "span_begin_line": Uint64(139),
      "span_end_line": Uint64(139),
      "span_filename": String("src/lib.rs"),
      "variant_name": String("D"),
    },
    {
      "name": String("HiddenAdded"),
      "new_position": Int64(2),
      "path": List([
        String("partial_ord_enum_variants_reordered_non_exhaustive"),
        String("HiddenAdded"),
      ]),
      "position": Int64(1),
      "span_begin_line": Uint64(148),
      "span_end_line": Uint64(148),
      "span_filename": String("src/lib.rs"),
      "variant_name": String("A"),
    },
    {
      "name": String("HiddenAdded"),
      "new_position": Int64(3),
      "path": List([
        String("partial_ord_enum_variants_reordered_non_exhaustive"),
        String("HiddenAdded"),
      ]),
      "position": Int64(2),
      "span_begin_line": Uint64(149),
      "span_end_line": Uint64(149),
      "span_filename": String("src/lib.rs"),
      "variant_name": String("B"),
    },
    {
      "name": String("HiddenAdded"),
      "new_position": Int64(4),
      "path": List([
        String("partial_ord_enum_variants_reordered_non_exhaustive"),
        String("HiddenAdded"),
      ]),
      "position": Int64(3),
      "span_begin_line": Uint64(150),
      "span_end_line": Uint64(150),
      "span_filename": String("src/lib.rs"),
      "variant_name": String("C"),
    },
    {
      "name": String("SwapPlusNew"),
      "new_position": Int64(2),
      "path": List([
        String("partial_ord_enum_variants_reordered_non_exhaustive"),
        String("SwapPlusNew"),
      ]),
      "position": Int64(1),
      "span_begin_line": Uint64(158),
      "span_end_line": Uint64(158),
      "span_filename": String("src/lib.rs"),
      "variant_name": String("A"),
    },
    {
      "name": String("SwapPlusNew"),
      "new_position": Int64(4),
      "path": List([
        String("partial_ord_enum_variants_reordered_non_exhaustive"),
        String("SwapPlusNew"),
      ]),
      "position": Int64(2),
      "span_begin_line": Uint64(160),
      "span_end_line": Uint64(160),
      "span_filename": String("src/lib.rs"),
      "variant_name": String("B"),
    },
  ],
}
