---
source: src/query.rs
---
{
  "./test_crates/partial_ord_enum_variants_reordered/": [
    {
      "name": String("PublicEnum"),
      "new_position": Int64(1),
      "path": List([
        String("partial_ord_enum_variants_reordered"),
        String("PublicEnum"),
      ]),
      "position": Int64(2),
      "span_begin_line": Uint64(6),
      "span_end_line": Uint64(6),
      "span_filename": String("src/lib.rs"),
      "variant_name": String("B"),
    },
    {
      "name": String("PublicEnum"),
      "new_position": Int64(2),
      "path": List([
        String("partial_ord_enum_variants_reordered"),
        String("PublicEnum"),
      ]),
      "position": Int64(3),
      "span_begin_line": Uint64(7),
      "span_end_line": Uint64(7),
      "span_filename": String("src/lib.rs"),
      "variant_name": String("C"),
    },
    {
      "name": String("PublicEnum"),
      "new_position": Int64(3),
      "path": List([
        String("partial_ord_enum_variants_reordered"),
        String("PublicEnum"),
      ]),
      "position": Int64(1),
      "span_begin_line": Uint64(8),
      "span_end_line": Uint64(8),
      "span_filename": String("src/lib.rs"),
      "variant_name": String("A"),
    },
    {
      "name": String("MultipleDerivesWithPartialOrd"),
      "new_position": Int64(1),
      "path": List([
        String("partial_ord_enum_variants_reordered"),
        String("MultipleDerivesWithPartialOrd"),
      ]),
      "position": Int64(2),
      "span_begin_line": Uint64(74),
      "span_end_line": Uint64(74),
      "span_filename": String("src/lib.rs"),
      "variant_name": String("B"),
    },
    {
      "name": String("MultipleDerivesWithPartialOrd"),
      "new_position": Int64(2),
      "path": List([
        String("partial_ord_enum_variants_reordered"),
        String("MultipleDerivesWithPartialOrd"),
      ]),
      "position": Int64(3),
      "span_begin_line": Uint64(75),
      "span_end_line": Uint64(75),
      "span_filename": String("src/lib.rs"),
      "variant_name": String("C"),
    },
    {
      "name": String("MultipleDerivesWithPartialOrd"),
      "new_position": Int64(3),
      "path": List([
        String("partial_ord_enum_variants_reordered"),
        String("MultipleDerivesWithPartialOrd"),
      ]),
      "position": Int64(1),
      "span_begin_line": Uint64(76),
      "span_end_line": Uint64(76),
      "span_filename": String("src/lib.rs"),
      "variant_name": String("A"),
    },
    {
      "name": String("MixedVariantTypes"),
      "new_position": Int64(1),
      "path": List([
        String("partial_ord_enum_variants_reordered"),
        String("MixedVariantTypes"),
      ]),
      "position": Int64(2),
      "span_begin_line": Uint64(82),
      "span_end_line": Uint64(82),
      "span_filename": String("src/lib.rs"),
      "variant_name": String("Tuple"),
    },
    {
      "name": String("MixedVariantTypes"),
      "new_position": Int64(2),
      "path": List([
        String("partial_ord_enum_variants_reordered"),
        String("MixedVariantTypes"),
      ]),
      "position": Int64(3),
      "span_begin_line": Uint64(83),
      "span_end_line": Uint64(83),
      "span_filename": String("src/lib.rs"),
      "variant_name": String("Struct"),
    },
    {
      "name": String("MixedVariantTypes"),
      "new_position": Int64(3),
      "path": List([
        String("partial_ord_enum_variants_reordered"),
        String("MixedVariantTypes"),
      ]),
      "position": Int64(1),
      "span_begin_line": Uint64(84),
      "span_end_line": Uint64(84),
      "span_filename": String("src/lib.rs"),
      "variant_name": String("Unit"),
    },
    {
      "name": String("StructVariants"),
      "new_position": Int64(1),
      "path": List([
        String("partial_ord_enum_variants_reordered"),
        String("StructVariants"),
      ]),
      "position": Int64(2),
      "span_begin_line": Uint64(90),
      "span_end_line": Uint64(90),
      "span_filename": String("src/lib.rs"),
      "variant_name": String("B"),
    },
    {
      "name": String("StructVariants"),
      "new_position": Int64(2),
      "path": List([
        String("partial_ord_enum_variants_reordered"),
        String("StructVariants"),
      ]),
      "position": Int64(3),
      "span_begin_line": Uint64(91),
      "span_end_line": Uint64(91),
      "span_filename": String("src/lib.rs"),
      "variant_name": String("C"),
    },
    {
      "name": String("StructVariants"),
      "new_position": Int64(3),
      "path": List([
        String("partial_ord_enum_variants_reordered"),
        String("StructVariants"),
      ]),
      "position": Int64(1),
      "span_begin_line": Uint64(92),
      "span_end_line": Uint64(92),
      "span_filename": String("src/lib.rs"),
      "variant_name": String("A"),
    },
    {
      "name": String("TupleVariants"),
      "new_position": Int64(1),
      "path": List([
        String("partial_ord_enum_variants_reordered"),
        String("TupleVariants"),
      ]),
      "position": Int64(2),
      "span_begin_line": Uint64(98),
      "span_end_line": Uint64(98),
      "span_filename": String("src/lib.rs"),
      "variant_name": String("B"),
    },
    {
      "name": String("TupleVariants"),
      "new_position": Int64(2),
      "path": List([
        String("partial_ord_enum_variants_reordered"),
        String("TupleVariants"),
      ]),
      "position": Int64(3),
      "span_begin_line": Uint64(99),
      "span_end_line": Uint64(99),
      "span_filename": String("src/lib.rs"),
      "variant_name": String("C"),
    },
    {
      "name": String("TupleVariants"),
      "new_position": Int64(3),
      "path": List([
        String("partial_ord_enum_variants_reordered"),
        String("TupleVariants"),
      ]),
      "position": Int64(1),
      "span_begin_line": Uint64(100),
      "span_end_line": Uint64(100),
      "span_filename": String("src/lib.rs"),
      "variant_name": String("A"),
    },
    {
      "name": String("WithDiscriminants"),
      "new_position": Int64(1),
      "path": List([
        String("partial_ord_enum_variants_reordered"),
        String("WithDiscriminants"),
      ]),
      "position": Int64(2),
      "span_begin_line": Uint64(106),
      "span_end_line": Uint64(106),
      "span_filename": String("src/lib.rs"),
      "variant_name": String("B"),
    },
    {
      "name": String("WithDiscriminants"),
      "new_position": Int64(2),
      "path": List([
        String("partial_ord_enum_variants_reordered"),
        String("WithDiscriminants"),
      ]),
      "position": Int64(3),
      "span_begin_line": Uint64(107),
      "span_end_line": Uint64(107),
      "span_filename": String("src/lib.rs"),
      "variant_name": String("C"),
    },
    {
      "name": String("WithDiscriminants"),
      "new_position": Int64(3),
      "path": List([
        String("partial_ord_enum_variants_reordered"),
        String("WithDiscriminants"),
      ]),
      "position": Int64(1),
      "span_begin_line": Uint64(108),
      "span_end_line": Uint64(108),
      "span_filename": String("src/lib.rs"),
      "variant_name": String("A"),
    },
  ],
}
