---
source: src/query.rs
expression: "&query_execution_results"
---
{
  "./test_crates/proc_macro_now_doc_hidden/": [
    {
      "kind": String("AttributeProcMacro"),
      "name": String("logging"),
      "path": List([
        String("proc_macro_now_doc_hidden"),
        String("logging"),
      ]),
      "span_begin_line": Uint64(6),
      "span_end_line": Uint64(8),
      "span_filename": String("src/lib.rs"),
    },
    {
      "kind": String("FunctionLikeProcMacro"),
      "name": String("sql"),
      "path": List([
        String("proc_macro_now_doc_hidden"),
        String("sql"),
      ]),
      "span_begin_line": Uint64(13),
      "span_end_line": Uint64(15),
      "span_filename": String("src/lib.rs"),
    },
    {
      "kind": String("DeriveProcMacro"),
      "name": String("MyDerive"),
      "path": List([
        String("proc_macro_now_doc_hidden"),
        String("MyDerive"),
      ]),
      "span_begin_line": Uint64(20),
      "span_end_line": Uint64(22),
      "span_filename": String("src/lib.rs"),
    },
  ],
}
