---
source: src/query.rs
expression: "&query_execution_results"
---
{
  "./test_crates/pub_static_now_mutable/": [
    {
      "path": List([
        String("pub_static_now_mutable"),
        String("STATIC_A"),
      ]),
      "span_begin_line": Uint64(2),
      "span_end_line": Uint64(2),
      "span_filename": String("src/lib.rs"),
      "static_name": String("STATIC_A"),
    },
  ],
}
