---
source: src/query.rs
expression: "&query_execution_results"
---
{
  "./test_crates/repr_align_added_removed/": [
    {
      "name": String("StructBecomesUnaligned"),
      "path": List([
        String("repr_align_added_removed"),
        String("StructBecomesUnaligned"),
      ]),
      "span_begin_line": Uint64(8),
      "span_end_line": Uint64(8),
      "span_filename": String("src/lib.rs"),
      "type": String("Struct"),
    },
    {
      "name": String("EnumBecomesUnaligned"),
      "path": List([
        String("repr_align_added_removed"),
        String("EnumBecomesUnaligned"),
      ]),
      "span_begin_line": Uint64(38),
      "span_end_line": Uint64(40),
      "span_filename": String("src/lib.rs"),
      "type": String("Enum"),
    },
    {
      "name": String("UnionBecomesUnaligned"),
      "path": List([
        String("repr_align_added_removed"),
        String("UnionBecomesUnaligned"),
      ]),
      "span_begin_line": Uint64(82),
      "span_end_line": Uint64(84),
      "span_filename": String("src/lib.rs"),
      "type": String("Union"),
    },
  ],
}
