---
source: src/query.rs
expression: "&query_execution_results"
snapshot_kind: text
---
{
  "./test_crates/repr_c_plain_struct_fields_reordered/": [
    {
      "field_name": String("b"),
      "name": String("PublicStruct"),
      "new_position": Int64(1),
      "path": List([
        String("repr_c_plain_struct_fields_reordered"),
        String("PublicStruct"),
      ]),
      "position": Int64(2),
      "span_begin_line": Uint64(6),
      "span_end_line": Uint64(6),
      "span_filename": String("src/lib.rs"),
    },
    {
      "field_name": String("c"),
      "name": String("PublicStruct"),
      "new_position": Int64(2),
      "path": List([
        String("repr_c_plain_struct_fields_reordered"),
        String("PublicStruct"),
      ]),
      "position": Int64(3),
      "span_begin_line": Uint64(7),
      "span_end_line": Uint64(7),
      "span_filename": String("src/lib.rs"),
    },
    {
      "field_name": String("a"),
      "name": String("PublicStruct"),
      "new_position": Int64(3),
      "path": List([
        String("repr_c_plain_struct_fields_reordered"),
        String("PublicStruct"),
      ]),
      "position": Int64(1),
      "span_begin_line": Uint64(8),
      "span_end_line": Uint64(8),
      "span_filename": String("src/lib.rs"),
    },
    {
      "field_name": String("c"),
      "name": String("MixedVisibilityStruct"),
      "new_position": Int64(2),
      "path": List([
        String("repr_c_plain_struct_fields_reordered"),
        String("MixedVisibilityStruct"),
      ]),
      "position": Int64(3),
      "span_begin_line": Uint64(59),
      "span_end_line": Uint64(59),
      "span_filename": String("src/lib.rs"),
    },
    {
      "field_name": String("a"),
      "name": String("MixedVisibilityStruct"),
      "new_position": Int64(3),
      "path": List([
        String("repr_c_plain_struct_fields_reordered"),
        String("MixedVisibilityStruct"),
      ]),
      "position": Int64(1),
      "span_begin_line": Uint64(60),
      "span_end_line": Uint64(60),
      "span_filename": String("src/lib.rs"),
    },
    {
      "field_name": String("b"),
      "name": String("MultipleReprStruct"),
      "new_position": Int64(1),
      "path": List([
        String("repr_c_plain_struct_fields_reordered"),
        String("MultipleReprStruct"),
      ]),
      "position": Int64(2),
      "span_begin_line": Uint64(73),
      "span_end_line": Uint64(73),
      "span_filename": String("src/lib.rs"),
    },
    {
      "field_name": String("a"),
      "name": String("MultipleReprStruct"),
      "new_position": Int64(2),
      "path": List([
        String("repr_c_plain_struct_fields_reordered"),
        String("MultipleReprStruct"),
      ]),
      "position": Int64(1),
      "span_begin_line": Uint64(74),
      "span_end_line": Uint64(74),
      "span_filename": String("src/lib.rs"),
    },
    {
      "field_name": String("b"),
      "name": String("StructWithAddition"),
      "new_position": Int64(1),
      "path": List([
        String("repr_c_plain_struct_fields_reordered"),
        String("StructWithAddition"),
      ]),
      "position": Int64(2),
      "span_begin_line": Uint64(80),
      "span_end_line": Uint64(80),
      "span_filename": String("src/lib.rs"),
    },
    {
      "field_name": String("a"),
      "name": String("StructWithAddition"),
      "new_position": Int64(2),
      "path": List([
        String("repr_c_plain_struct_fields_reordered"),
        String("StructWithAddition"),
      ]),
      "position": Int64(1),
      "span_begin_line": Uint64(81),
      "span_end_line": Uint64(81),
      "span_filename": String("src/lib.rs"),
    },
    {
      "field_name": String("b"),
      "name": String("StructWithRemoval"),
      "new_position": Int64(1),
      "path": List([
        String("repr_c_plain_struct_fields_reordered"),
        String("StructWithRemoval"),
      ]),
      "position": Int64(2),
      "span_begin_line": Uint64(88),
      "span_end_line": Uint64(88),
      "span_filename": String("src/lib.rs"),
    },
    {
      "field_name": String("c"),
      "name": String("StructWithRemoval"),
      "new_position": Int64(2),
      "path": List([
        String("repr_c_plain_struct_fields_reordered"),
        String("StructWithRemoval"),
      ]),
      "position": Int64(3),
      "span_begin_line": Uint64(89),
      "span_end_line": Uint64(89),
      "span_filename": String("src/lib.rs"),
    },
  ],
}
