---
source: src/query.rs
expression: "&query_execution_results"
---
{
  "./test_crates/struct_becomes_enum/": [
    {
      "current_typename": String("Enum"),
      "name": String("NonExhaustiveEmptyStructToEnum"),
      "path": List([
        String("struct_becomes_enum"),
        String("NonExhaustiveEmptyStructToEnum"),
      ]),
      "span_begin_line": Uint64(82),
      "span_filename": String("src/lib.rs"),
      "struct_type": String("plain"),
      "struct_typename": String("Struct"),
      "visibility_limit": String("public"),
    },
    {
      "current_typename": String("Enum"),
      "name": String("NonExhaustiveFieldlessUnit"),
      "path": List([
        String("struct_becomes_enum"),
        String("NonExhaustiveFieldlessUnit"),
      ]),
      "span_begin_line": Uint64(95),
      "span_filename": String("src/lib.rs"),
      "struct_type": String("unit"),
      "struct_typename": String("Struct"),
      "visibility_limit": String("public"),
    },
    {
      "current_typename": String("Enum"),
      "name": String("NonExhaustiveFieldlessTuple"),
      "path": List([
        String("struct_becomes_enum"),
        String("NonExhaustiveFieldlessTuple"),
      ]),
      "span_begin_line": Uint64(100),
      "span_filename": String("src/lib.rs"),
      "struct_type": String("tuple"),
      "struct_typename": String("Struct"),
      "visibility_limit": String("public"),
    },
  ],
  "./test_crates/struct_marked_non_exhaustive_changed_type/": [
    {
      "current_typename": String("Enum"),
      "name": String("PubNonExhaustiveStructChangedToEnum"),
      "path": List([
        String("struct_marked_non_exhaustive_changed_type"),
        String("PubNonExhaustiveStructChangedToEnum"),
      ]),
      "span_begin_line": Uint64(1),
      "span_filename": String("src/lib.rs"),
      "struct_type": String("plain"),
      "struct_typename": String("Struct"),
      "visibility_limit": String("public"),
    },
    {
      "current_typename": String("Union"),
      "name": String("PubNonExhaustiveStructChangedToUnion"),
      "path": List([
        String("struct_marked_non_exhaustive_changed_type"),
        String("PubNonExhaustiveStructChangedToUnion"),
      ]),
      "span_begin_line": Uint64(3),
      "span_filename": String("src/lib.rs"),
      "struct_type": String("plain"),
      "struct_typename": String("Struct"),
      "visibility_limit": String("public"),
    },
  ],
}
