---
source: src/query.rs
expression: "&query_execution_results"
---
{
  "./test_crates/struct_becomes_enum/": [
    {
      "current_typename": String("Enum"),
      "name": String("PubFieldTuple"),
      "path": List([
        String("struct_becomes_enum"),
        String("PubFieldTuple"),
      ]),
      "span_begin_line": Uint64(14),
      "span_filename": String("src/lib.rs"),
      "struct_type": String("tuple"),
      "struct_typename": String("Struct"),
      "visibility_limit": String("public"),
    },
    {
      "current_typename": String("Enum"),
      "name": String("PubFieldStruct"),
      "path": List([
        String("struct_becomes_enum"),
        String("PubFieldStruct"),
      ]),
      "span_begin_line": Uint64(18),
      "span_filename": String("src/lib.rs"),
      "struct_type": String("plain"),
      "struct_typename": String("Struct"),
      "visibility_limit": String("public"),
    },
  ],
  "./test_crates/struct_with_no_pub_fields_changed_type/": [
    {
      "current_typename": String("Enum"),
      "name": String("PubStructWithPubFieldChangedToEnum"),
      "path": List([
        String("struct_with_no_pub_fields_changed_type"),
        String("PubStructWithPubFieldChangedToEnum"),
      ]),
      "span_begin_line": Uint64(62),
      "span_filename": String("src/lib.rs"),
      "struct_type": String("plain"),
      "struct_typename": String("Struct"),
      "visibility_limit": String("public"),
    },
    {
      "current_typename": String("Union"),
      "name": String("PubStructWithPubFieldChangedToUnion"),
      "path": List([
        String("struct_with_no_pub_fields_changed_type"),
        String("PubStructWithPubFieldChangedToUnion"),
      ]),
      "span_begin_line": Uint64(69),
      "span_filename": String("src/lib.rs"),
      "struct_type": String("plain"),
      "struct_typename": String("Struct"),
      "visibility_limit": String("public"),
    },
  ],
}
