---
source: src/query.rs
---
{
  "./test_crates/trait_method_parameter_count_changed/": [
    {
      "current_receiver_by_mut_reference": Boolean(false),
      "current_receiver_by_reference": Boolean(true),
      "current_receiver_by_value": Boolean(false),
      "current_receiver_kind": String("Self"),
      "method_name": String("parameter_becomes_receiver"),
      "path": List([
        String("trait_method_parameter_count_changed"),
        String("Example"),
      ]),
      "span_begin_line": Uint64(13),
      "span_end_line": Uint64(13),
      "span_filename": String("src/lib.rs"),
      "visibility_limit": String("public"),
    },
  ],
  "./test_crates/trait_method_receiver_changes/": [
    {
      "current_receiver_by_mut_reference": Boolean(false),
      "current_receiver_by_reference": Boolean(true),
      "current_receiver_by_value": Boolean(false),
      "current_receiver_kind": String("Self"),
      "method_name": String("assoc_fn_to_method"),
      "path": List([
        String("trait_method_receiver_changes"),
        String("PublicTrait"),
      ]),
      "span_begin_line": Uint64(32),
      "span_end_line": Uint64(32),
      "span_filename": String("src/lib.rs"),
      "visibility_limit": String("public"),
    },
  ],
}
