---
source: src/query.rs
---
{
  "./test_crates/trait_method_default_impl_removed/": [
    {
      "has_receiver": Uint64(1),
      "method_name": String("method_default_impl_removed_and_becomes_sealed"),
      "name": String("TraitE"),
      "new_parameter_count": Uint64(1),
      "old_parameter_count": Uint64(0),
      "path": List([
        String("trait_method_default_impl_removed"),
        String("TraitE"),
      ]),
      "span_begin_line": Uint64(29),
      "span_end_line": Uint64(29),
      "span_filename": String("src/lib.rs"),
      "visibility_limit": String("public"),
    },
  ],
  "./test_crates/trait_method_parameter_count_changed/": [
    {
      "has_receiver": Uint64(0),
      "method_name": String("gain_a_parameter"),
      "name": String("Example"),
      "new_parameter_count": Uint64(1),
      "old_parameter_count": Uint64(0),
      "path": List([
        String("trait_method_parameter_count_changed"),
        String("Example"),
      ]),
      "span_begin_line": Uint64(4),
      "span_end_line": Uint64(4),
      "span_filename": String("src/lib.rs"),
      "visibility_limit": String("public"),
    },
    {
      "has_receiver": Uint64(1),
      "method_name": String("gain_a_parameter_with_receiver"),
      "name": String("Example"),
      "new_parameter_count": Uint64(1),
      "old_parameter_count": Uint64(0),
      "path": List([
        String("trait_method_parameter_count_changed"),
        String("Example"),
      ]),
      "span_begin_line": Uint64(6),
      "span_end_line": Uint64(6),
      "span_filename": String("src/lib.rs"),
      "visibility_limit": String("public"),
    },
    {
      "has_receiver": Uint64(0),
      "method_name": String("lose_a_parameter"),
      "name": String("Example"),
      "new_parameter_count": Uint64(0),
      "old_parameter_count": Uint64(1),
      "path": List([
        String("trait_method_parameter_count_changed"),
        String("Example"),
      ]),
      "span_begin_line": Uint64(8),
      "span_end_line": Uint64(8),
      "span_filename": String("src/lib.rs"),
      "visibility_limit": String("public"),
    },
    {
      "has_receiver": Uint64(1),
      "method_name": String("lose_a_parameter_with_receiver"),
      "name": String("Example"),
      "new_parameter_count": Uint64(0),
      "old_parameter_count": Uint64(1),
      "path": List([
        String("trait_method_parameter_count_changed"),
        String("Example"),
      ]),
      "span_begin_line": Uint64(10),
      "span_end_line": Uint64(10),
      "span_filename": String("src/lib.rs"),
      "visibility_limit": String("public"),
    },
  ],
  "./test_crates/trait_newly_sealed/": [
    {
      "has_receiver": Uint64(1),
      "method_name": String("method"),
      "name": String("TraitMethodBecomesSealed"),
      "new_parameter_count": Uint64(1),
      "old_parameter_count": Uint64(0),
      "path": List([
        String("trait_newly_sealed"),
        String("TraitMethodBecomesSealed"),
      ]),
      "span_begin_line": Uint64(16),
      "span_end_line": Uint64(16),
      "span_filename": String("src/lib.rs"),
      "visibility_limit": String("public"),
    },
  ],
}
