---
source: src/query.rs
expression: "&query_execution_results"
---
{
  "./test_crates/type_requires_more_generic_type_params/": [
    {
      "name": String("NotGeneric"),
      "new_required_type_count": Uint64(1),
      "new_required_types": List([
        String("T"),
      ]),
      "old_required_type_count": Uint64(0),
      "old_required_types": List([]),
      "path": List([
        String("type_requires_more_generic_type_params"),
        String("NotGeneric"),
      ]),
      "span_begin_line": Uint64(2),
      "span_end_line": Uint64(4),
      "span_filename": String("src/lib.rs"),
      "visibility_limit": String("public"),
    },
    {
      "name": String("DefaultBecomesRequired"),
      "new_required_type_count": Uint64(1),
      "new_required_types": List([
        String("A"),
      ]),
      "old_required_type_count": Uint64(0),
      "old_required_types": List([]),
      "path": List([
        String("type_requires_more_generic_type_params"),
        String("DefaultBecomesRequired"),
      ]),
      "span_begin_line": Uint64(7),
      "span_end_line": Uint64(10),
      "span_filename": String("src/lib.rs"),
      "visibility_limit": String("public"),
    },
    {
      "name": String("GenericAdded"),
      "new_required_type_count": Uint64(1),
      "new_required_types": List([
        String("T"),
      ]),
      "old_required_type_count": Uint64(0),
      "old_required_types": List([]),
      "path": List([
        String("type_requires_more_generic_type_params"),
        String("GenericAdded"),
      ]),
      "span_begin_line": Uint64(12),
      "span_end_line": Uint64(14),
      "span_filename": String("src/lib.rs"),
      "visibility_limit": String("public"),
    },
  ],
}
