---
source: src/query.rs
expression: "&query_execution_results"
---
{
  "./test_crates/trait_associated_type_marked_deprecated/": [
    {
      "name": String("PublicTraitWithHiddenType"),
      "path": List([
        String("trait_associated_type_marked_deprecated"),
        String("PublicTraitWithHiddenType"),
      ]),
      "span_begin_line": Uint64(40),
      "span_end_line": Uint64(44),
      "span_filename": String("src/lib.rs"),
      "visibility_limit": String("public"),
    },
  ],
  "./test_crates/trait_method_added/": [
    {
      "name": String("WillGainMethodWithoutDefaultAndLoseSeal"),
      "path": List([
        String("trait_method_added"),
        String("WillGainMethodWithoutDefaultAndLoseSeal"),
      ]),
      "span_begin_line": Uint64(43),
      "span_end_line": Uint64(45),
      "span_filename": String("src/lib.rs"),
      "visibility_limit": String("public"),
    },
  ],
  "./test_crates/trait_method_marked_deprecated/": [
    {
      "name": String("PublicTraitWithHiddenMethod"),
      "path": List([
        String("trait_method_marked_deprecated"),
        String("PublicTraitWithHiddenMethod"),
      ]),
      "span_begin_line": Uint64(47),
      "span_end_line": Uint64(51),
      "span_filename": String("src/lib.rs"),
      "visibility_limit": String("public"),
    },
  ],
  "./test_crates/trait_sealed_becomes_unsealed/": [
    {
      "name": String("PublicAPIToBeUnsealed"),
      "path": List([
        String("trait_sealed_becomes_unsealed"),
        String("PublicAPIToBeUnsealed"),
      ]),
      "span_begin_line": Uint64(2),
      "span_end_line": Uint64(4),
      "span_filename": String("src/lib.rs"),
      "visibility_limit": String("public"),
    },
    {
      "name": String("HiddenSealedInherited"),
      "path": List([
        String("trait_sealed_becomes_unsealed"),
        String("HiddenSealedInherited"),
      ]),
      "span_begin_line": Uint64(16),
      "span_end_line": Uint64(16),
      "span_filename": String("src/lib.rs"),
      "visibility_limit": String("public"),
    },
    {
      "name": String("MethodReturnHiddenSealed"),
      "path": List([
        String("trait_sealed_becomes_unsealed"),
        String("MethodReturnHiddenSealed"),
      ]),
      "span_begin_line": Uint64(20),
      "span_end_line": Uint64(22),
      "span_filename": String("src/lib.rs"),
      "visibility_limit": String("public"),
    },
    {
      "name": String("TransitivelyHiddenSealed"),
      "path": List([
        String("trait_sealed_becomes_unsealed"),
        String("TransitivelyHiddenSealed"),
      ]),
      "span_begin_line": Uint64(25),
      "span_end_line": Uint64(25),
      "span_filename": String("src/lib.rs"),
      "visibility_limit": String("public"),
    },
    {
      "name": String("HiddenSealedWithWhereSelfBound"),
      "path": List([
        String("trait_sealed_becomes_unsealed"),
        String("HiddenSealedWithWhereSelfBound"),
      ]),
      "span_begin_line": Uint64(30),
      "span_end_line": Uint64(34),
      "span_filename": String("src/lib.rs"),
      "visibility_limit": String("public"),
    },
    {
      "name": String("MethodHiddenSealed"),
      "path": List([
        String("trait_sealed_becomes_unsealed"),
        String("MethodHiddenSealed"),
      ]),
      "span_begin_line": Uint64(38),
      "span_end_line": Uint64(40),
      "span_filename": String("src/lib.rs"),
      "visibility_limit": String("public"),
    },
  ],
}
