---
source: src/query.rs
expression: "&query_execution_results"
---
{
  "./test_crates/trait_associated_const_now_doc_hidden/": [
    {
      "path": List([
        String("trait_associated_const_now_doc_hidden"),
        String("PubTraitB"),
      ]),
      "span_begin_line": Uint64(18),
      "span_filename": String("src/lib.rs"),
      "trait_name": String("PubTraitB"),
    },
  ],
  "./test_crates/trait_associated_type_now_doc_hidden/": [
    {
      "path": List([
        String("trait_associated_type_now_doc_hidden"),
        String("PubTraitB"),
      ]),
      "span_begin_line": Uint64(18),
      "span_filename": String("src/lib.rs"),
      "trait_name": String("PubTraitB"),
    },
  ],
  "./test_crates/trait_now_doc_hidden/": [
    {
      "path": List([
        String("trait_now_doc_hidden"),
        String("MyPublicMod"),
        String("MyTrait"),
      ]),
      "span_begin_line": Uint64(13),
      "span_filename": String("src/lib.rs"),
      "trait_name": String("MyTrait"),
    },
    {
      "path": List([
        String("trait_now_doc_hidden"),
        String("MyNestedPublicMod"),
        String("PublicInnerMod"),
        String("MyTrait"),
      ]),
      "span_begin_line": Uint64(38),
      "span_filename": String("src/lib.rs"),
      "trait_name": String("MyTrait"),
    },
    {
      "path": List([
        String("trait_now_doc_hidden"),
        String("Example"),
      ]),
      "span_begin_line": Uint64(47),
      "span_filename": String("src/lib.rs"),
      "trait_name": String("Example"),
    },
  ],
}
