---
source: src/query.rs
expression: "&query_execution_results"
snapshot_kind: text
---
{
  "./test_crates/trait_associated_const_marked_deprecated/": [
    {
      "name": String("TraitMarkedDeprecated"),
      "path": List([
        String("trait_associated_const_marked_deprecated"),
        String("TraitMarkedDeprecated"),
      ]),
      "span_begin_line": Uint64(50),
      "span_end_line": Uint64(52),
      "span_filename": String("src/lib.rs"),
      "visibility_limit": String("public"),
    },
    {
      "name": String("TraitAndConstWillBeDeprecated"),
      "path": List([
        String("trait_associated_const_marked_deprecated"),
        String("TraitAndConstWillBeDeprecated"),
      ]),
      "span_begin_line": Uint64(56),
      "span_end_line": Uint64(59),
      "span_filename": String("src/lib.rs"),
      "visibility_limit": String("public"),
    },
  ],
  "./test_crates/trait_associated_type_marked_deprecated/": [
    {
      "name": String("TraitMarkedDeprecated"),
      "path": List([
        String("trait_associated_type_marked_deprecated"),
        String("TraitMarkedDeprecated"),
      ]),
      "span_begin_line": Uint64(50),
      "span_end_line": Uint64(52),
      "span_filename": String("src/lib.rs"),
      "visibility_limit": String("public"),
    },
    {
      "name": String("TraitAndTypeWillBeDeprecated"),
      "path": List([
        String("trait_associated_type_marked_deprecated"),
        String("TraitAndTypeWillBeDeprecated"),
      ]),
      "span_begin_line": Uint64(56),
      "span_end_line": Uint64(59),
      "span_filename": String("src/lib.rs"),
      "visibility_limit": String("public"),
    },
  ],
  "./test_crates/trait_marked_deprecated/": [
    {
      "name": String("TraitToDeprecatedTrait"),
      "path": List([
        String("trait_marked_deprecated"),
        String("TraitToDeprecatedTrait"),
      ]),
      "span_begin_line": Uint64(7),
      "span_end_line": Uint64(9),
      "span_filename": String("src/lib.rs"),
      "visibility_limit": String("public"),
    },
    {
      "name": String("TraitToDeprecatedMessageTrait"),
      "path": List([
        String("trait_marked_deprecated"),
        String("TraitToDeprecatedMessageTrait"),
      ]),
      "span_begin_line": Uint64(12),
      "span_end_line": Uint64(14),
      "span_filename": String("src/lib.rs"),
      "visibility_limit": String("public"),
    },
  ],
  "./test_crates/trait_method_marked_deprecated/": [
    {
      "name": String("TraitMarkedDeprecated"),
      "path": List([
        String("trait_method_marked_deprecated"),
        String("TraitMarkedDeprecated"),
      ]),
      "span_begin_line": Uint64(57),
      "span_end_line": Uint64(59),
      "span_filename": String("src/lib.rs"),
      "visibility_limit": String("public"),
    },
    {
      "name": String("TraitAndMethodWillBeDeprecated"),
      "path": List([
        String("trait_method_marked_deprecated"),
        String("TraitAndMethodWillBeDeprecated"),
      ]),
      "span_begin_line": Uint64(62),
      "span_end_line": Uint64(65),
      "span_filename": String("src/lib.rs"),
      "visibility_limit": String("public"),
    },
  ],
}
