---
source: src/query.rs
expression: "&query_execution_results"
---
{
  "./test_crates/method_moved_to_trait_must_use_added/": [
    {
      "method_name": String("MethodToMovedDeclaredMustUseMethod"),
      "name": String("TraitWithMovedDeclaredMustUseMethods"),
      "path": List([
        String("method_moved_to_trait_must_use_added"),
        String("enum_method_moved_to_trait_must_use_added"),
        String("TraitWithMovedDeclaredMustUseMethods"),
      ]),
      "span_begin_line": Uint64(49),
      "span_filename": String("src/enum_method_moved_to_trait_must_use_added.rs"),
      "visibility_limit": String("public"),
    },
    {
      "method_name": String("MethodToMovedDeclaredMustUseMessageMethod"),
      "name": String("TraitWithMovedDeclaredMustUseMethods"),
      "path": List([
        String("method_moved_to_trait_must_use_added"),
        String("enum_method_moved_to_trait_must_use_added"),
        String("TraitWithMovedDeclaredMustUseMethods"),
      ]),
      "span_begin_line": Uint64(52),
      "span_filename": String("src/enum_method_moved_to_trait_must_use_added.rs"),
      "visibility_limit": String("public"),
    },
    {
      "method_name": String("MustUseMethodToMovedDeclaredMethod"),
      "name": String("TraitWithMovedDeclaredMustUseMethods"),
      "path": List([
        String("method_moved_to_trait_must_use_added"),
        String("enum_method_moved_to_trait_must_use_added"),
        String("TraitWithMovedDeclaredMustUseMethods"),
      ]),
      "span_begin_line": Uint64(54),
      "span_filename": String("src/enum_method_moved_to_trait_must_use_added.rs"),
      "visibility_limit": String("public"),
    },
    {
      "method_name": String("MustUseMethodToMovedDeclaredMustUseMessageMethod"),
      "name": String("TraitWithMovedDeclaredMustUseMethods"),
      "path": List([
        String("method_moved_to_trait_must_use_added"),
        String("enum_method_moved_to_trait_must_use_added"),
        String("TraitWithMovedDeclaredMustUseMethods"),
      ]),
      "span_begin_line": Uint64(57),
      "span_filename": String("src/enum_method_moved_to_trait_must_use_added.rs"),
      "visibility_limit": String("public"),
    },
    {
      "method_name": String("MustUseMessageMethodToMovedDeclaredMethod"),
      "name": String("TraitWithMovedDeclaredMustUseMethods"),
      "path": List([
        String("method_moved_to_trait_must_use_added"),
        String("enum_method_moved_to_trait_must_use_added"),
        String("TraitWithMovedDeclaredMustUseMethods"),
      ]),
      "span_begin_line": Uint64(59),
      "span_filename": String("src/enum_method_moved_to_trait_must_use_added.rs"),
      "visibility_limit": String("public"),
    },
    {
      "method_name": String("MustUseMessageMethodToMovedDeclaredMustUseMethod"),
      "name": String("TraitWithMovedDeclaredMustUseMethods"),
      "path": List([
        String("method_moved_to_trait_must_use_added"),
        String("enum_method_moved_to_trait_must_use_added"),
        String("TraitWithMovedDeclaredMustUseMethods"),
      ]),
      "span_begin_line": Uint64(62),
      "span_filename": String("src/enum_method_moved_to_trait_must_use_added.rs"),
      "visibility_limit": String("public"),
    },
    {
      "method_name": String("MustUseMessageMethodToMovedDeclaredMustUseMessageMethod"),
      "name": String("TraitWithMovedDeclaredMustUseMethods"),
      "path": List([
        String("method_moved_to_trait_must_use_added"),
        String("enum_method_moved_to_trait_must_use_added"),
        String("TraitWithMovedDeclaredMustUseMethods"),
      ]),
      "span_begin_line": Uint64(65),
      "span_filename": String("src/enum_method_moved_to_trait_must_use_added.rs"),
      "visibility_limit": String("public"),
    },
    {
      "method_name": String("MethodToMovedImplDeclaredMustUseMethod"),
      "name": String("TraitWithMovedImplMustUseMethods"),
      "path": List([
        String("method_moved_to_trait_must_use_added"),
        String("enum_method_moved_to_trait_must_use_added"),
        String("TraitWithMovedImplMustUseMethods"),
      ]),
      "span_begin_line": Uint64(135),
      "span_filename": String("src/enum_method_moved_to_trait_must_use_added.rs"),
      "visibility_limit": String("public"),
    },
    {
      "method_name": String("MethodToMovedDeclaredMustUseMethod"),
      "name": String("TraitWithMovedDeclaredMustUseMethods"),
      "path": List([
        String("method_moved_to_trait_must_use_added"),
        String("struct_method_moved_to_trait_must_use_added"),
        String("TraitWithMovedDeclaredMustUseMethods"),
      ]),
      "span_begin_line": Uint64(45),
      "span_filename": String("src/struct_method_moved_to_trait_must_use_added.rs"),
      "visibility_limit": String("public"),
    },
    {
      "method_name": String("MethodToMovedDeclaredMustUseMessageMethod"),
      "name": String("TraitWithMovedDeclaredMustUseMethods"),
      "path": List([
        String("method_moved_to_trait_must_use_added"),
        String("struct_method_moved_to_trait_must_use_added"),
        String("TraitWithMovedDeclaredMustUseMethods"),
      ]),
      "span_begin_line": Uint64(48),
      "span_filename": String("src/struct_method_moved_to_trait_must_use_added.rs"),
      "visibility_limit": String("public"),
    },
    {
      "method_name": String("MustUseMethodToMovedDeclaredMethod"),
      "name": String("TraitWithMovedDeclaredMustUseMethods"),
      "path": List([
        String("method_moved_to_trait_must_use_added"),
        String("struct_method_moved_to_trait_must_use_added"),
        String("TraitWithMovedDeclaredMustUseMethods"),
      ]),
      "span_begin_line": Uint64(50),
      "span_filename": String("src/struct_method_moved_to_trait_must_use_added.rs"),
      "visibility_limit": String("public"),
    },
    {
      "method_name": String("MustUseMethodToMovedDeclaredMustUseMessageMethod"),
      "name": String("TraitWithMovedDeclaredMustUseMethods"),
      "path": List([
        String("method_moved_to_trait_must_use_added"),
        String("struct_method_moved_to_trait_must_use_added"),
        String("TraitWithMovedDeclaredMustUseMethods"),
      ]),
      "span_begin_line": Uint64(53),
      "span_filename": String("src/struct_method_moved_to_trait_must_use_added.rs"),
      "visibility_limit": String("public"),
    },
    {
      "method_name": String("MustUseMessageMethodToMovedDeclaredMethod"),
      "name": String("TraitWithMovedDeclaredMustUseMethods"),
      "path": List([
        String("method_moved_to_trait_must_use_added"),
        String("struct_method_moved_to_trait_must_use_added"),
        String("TraitWithMovedDeclaredMustUseMethods"),
      ]),
      "span_begin_line": Uint64(55),
      "span_filename": String("src/struct_method_moved_to_trait_must_use_added.rs"),
      "visibility_limit": String("public"),
    },
    {
      "method_name": String("MustUseMessageMethodToMovedDeclaredMustUseMethod"),
      "name": String("TraitWithMovedDeclaredMustUseMethods"),
      "path": List([
        String("method_moved_to_trait_must_use_added"),
        String("struct_method_moved_to_trait_must_use_added"),
        String("TraitWithMovedDeclaredMustUseMethods"),
      ]),
      "span_begin_line": Uint64(58),
      "span_filename": String("src/struct_method_moved_to_trait_must_use_added.rs"),
      "visibility_limit": String("public"),
    },
    {
      "method_name": String("MustUseMessageMethodToMovedDeclaredMustUseMessageMethod"),
      "name": String("TraitWithMovedDeclaredMustUseMethods"),
      "path": List([
        String("method_moved_to_trait_must_use_added"),
        String("struct_method_moved_to_trait_must_use_added"),
        String("TraitWithMovedDeclaredMustUseMethods"),
      ]),
      "span_begin_line": Uint64(61),
      "span_filename": String("src/struct_method_moved_to_trait_must_use_added.rs"),
      "visibility_limit": String("public"),
    },
    {
      "method_name": String("MethodToMovedImplDeclaredMustUseMethod"),
      "name": String("TraitWithMovedImplMustUseMethods"),
      "path": List([
        String("method_moved_to_trait_must_use_added"),
        String("struct_method_moved_to_trait_must_use_added"),
        String("TraitWithMovedImplMustUseMethods"),
      ]),
      "span_begin_line": Uint64(127),
      "span_filename": String("src/struct_method_moved_to_trait_must_use_added.rs"),
      "visibility_limit": String("public"),
    },
    {
      "method_name": String("MethodToMovedDeclaredMustUseMethod"),
      "name": String("TraitWithMovedDeclaredMustUseMethods"),
      "path": List([
        String("method_moved_to_trait_must_use_added"),
        String("union_method_moved_to_trait_must_use_added"),
        String("TraitWithMovedDeclaredMustUseMethods"),
      ]),
      "span_begin_line": Uint64(49),
      "span_filename": String("src/union_method_moved_to_trait_must_use_added.rs"),
      "visibility_limit": String("public"),
    },
    {
      "method_name": String("MethodToMovedDeclaredMustUseMessageMethod"),
      "name": String("TraitWithMovedDeclaredMustUseMethods"),
      "path": List([
        String("method_moved_to_trait_must_use_added"),
        String("union_method_moved_to_trait_must_use_added"),
        String("TraitWithMovedDeclaredMustUseMethods"),
      ]),
      "span_begin_line": Uint64(52),
      "span_filename": String("src/union_method_moved_to_trait_must_use_added.rs"),
      "visibility_limit": String("public"),
    },
    {
      "method_name": String("MustUseMethodToMovedDeclaredMethod"),
      "name": String("TraitWithMovedDeclaredMustUseMethods"),
      "path": List([
        String("method_moved_to_trait_must_use_added"),
        String("union_method_moved_to_trait_must_use_added"),
        String("TraitWithMovedDeclaredMustUseMethods"),
      ]),
      "span_begin_line": Uint64(54),
      "span_filename": String("src/union_method_moved_to_trait_must_use_added.rs"),
      "visibility_limit": String("public"),
    },
    {
      "method_name": String("MustUseMethodToMovedDeclaredMustUseMessageMethod"),
      "name": String("TraitWithMovedDeclaredMustUseMethods"),
      "path": List([
        String("method_moved_to_trait_must_use_added"),
        String("union_method_moved_to_trait_must_use_added"),
        String("TraitWithMovedDeclaredMustUseMethods"),
      ]),
      "span_begin_line": Uint64(57),
      "span_filename": String("src/union_method_moved_to_trait_must_use_added.rs"),
      "visibility_limit": String("public"),
    },
    {
      "method_name": String("MustUseMessageMethodToMovedDeclaredMethod"),
      "name": String("TraitWithMovedDeclaredMustUseMethods"),
      "path": List([
        String("method_moved_to_trait_must_use_added"),
        String("union_method_moved_to_trait_must_use_added"),
        String("TraitWithMovedDeclaredMustUseMethods"),
      ]),
      "span_begin_line": Uint64(59),
      "span_filename": String("src/union_method_moved_to_trait_must_use_added.rs"),
      "visibility_limit": String("public"),
    },
    {
      "method_name": String("MustUseMessageMethodToMovedDeclaredMustUseMethod"),
      "name": String("TraitWithMovedDeclaredMustUseMethods"),
      "path": List([
        String("method_moved_to_trait_must_use_added"),
        String("union_method_moved_to_trait_must_use_added"),
        String("TraitWithMovedDeclaredMustUseMethods"),
      ]),
      "span_begin_line": Uint64(62),
      "span_filename": String("src/union_method_moved_to_trait_must_use_added.rs"),
      "visibility_limit": String("public"),
    },
    {
      "method_name": String("MustUseMessageMethodToMovedDeclaredMustUseMessageMethod"),
      "name": String("TraitWithMovedDeclaredMustUseMethods"),
      "path": List([
        String("method_moved_to_trait_must_use_added"),
        String("union_method_moved_to_trait_must_use_added"),
        String("TraitWithMovedDeclaredMustUseMethods"),
      ]),
      "span_begin_line": Uint64(65),
      "span_filename": String("src/union_method_moved_to_trait_must_use_added.rs"),
      "visibility_limit": String("public"),
    },
    {
      "method_name": String("MethodToMovedImplDeclaredMustUseMethod"),
      "name": String("TraitWithMovedImplMustUseMethods"),
      "path": List([
        String("method_moved_to_trait_must_use_added"),
        String("union_method_moved_to_trait_must_use_added"),
        String("TraitWithMovedImplMustUseMethods"),
      ]),
      "span_begin_line": Uint64(135),
      "span_filename": String("src/union_method_moved_to_trait_must_use_added.rs"),
      "visibility_limit": String("public"),
    },
  ],
  "./test_crates/trait_method_added/": [
    {
      "method_name": String("one_method"),
      "name": String("WillGainMethodWithoutDefault"),
      "path": List([
        String("trait_method_added"),
        String("WillGainMethodWithoutDefault"),
      ]),
      "span_begin_line": Uint64(7),
      "span_filename": String("src/lib.rs"),
      "visibility_limit": String("public"),
    },
    {
      "method_name": String("two_method"),
      "name": String("WillGainAnotherMethodWithoutDefault"),
      "path": List([
        String("trait_method_added"),
        String("WillGainAnotherMethodWithoutDefault"),
      ]),
      "span_begin_line": Uint64(12),
      "span_filename": String("src/lib.rs"),
      "visibility_limit": String("public"),
    },
    {
      "method_name": String("one_method"),
      "name": String("WillGainMultipleMethodsWithoutDefault"),
      "path": List([
        String("trait_method_added"),
        String("WillGainMultipleMethodsWithoutDefault"),
      ]),
      "span_begin_line": Uint64(16),
      "span_filename": String("src/lib.rs"),
      "visibility_limit": String("public"),
    },
    {
      "method_name": String("two_method"),
      "name": String("WillGainMultipleMethodsWithoutDefault"),
      "path": List([
        String("trait_method_added"),
        String("WillGainMultipleMethodsWithoutDefault"),
      ]),
      "span_begin_line": Uint64(17),
      "span_filename": String("src/lib.rs"),
      "visibility_limit": String("public"),
    },
    {
      "method_name": String("one_method"),
      "name": String("WillGainMethodWithoutDefaultAndSeal"),
      "path": List([
        String("trait_method_added"),
        String("WillGainMethodWithoutDefaultAndSeal"),
      ]),
      "span_begin_line": Uint64(21),
      "span_filename": String("src/lib.rs"),
      "visibility_limit": String("public"),
    },
    {
      "method_name": String("one_method"),
      "name": String("WIllGainDocHiddenMethodWithoutDefault"),
      "path": List([
        String("trait_method_added"),
        String("WIllGainDocHiddenMethodWithoutDefault"),
      ]),
      "span_begin_line": Uint64(26),
      "span_filename": String("src/lib.rs"),
      "visibility_limit": String("public"),
    },
  ],
}
