---
source: src/query.rs
---
{
  "./test_crates/trait_method_receiver_changes/": [
    {
      "method_name": String("rcbox_refmut_to_owned"),
      "name": String("PublicTrait"),
      "path": List([
        String("trait_method_receiver_changes"),
        String("PublicTrait"),
      ]),
      "receiver_kind": String("Rc<Box<Self>>"),
      "span_begin_line": Uint64(12),
      "span_end_line": Uint64(12),
      "span_filename": String("src/lib.rs"),
      "visibility_limit": String("public"),
    },
  ],
}
