---
source: src/query.rs
expression: "&query_execution_results"
---
{
  "./test_crates/trait_method_default_impl_removed/": [
    {
      "method_name": String("method_becomes_removed"),
      "name": String("TraitB"),
      "path": List([
        String("trait_method_default_impl_removed"),
        String("TraitB"),
      ]),
      "span_begin_line": Uint64(14),
      "span_filename": String("src/lib.rs"),
      "visibility_limit": String("public"),
    },
  ],
  "./test_crates/trait_method_missing/": [
    {
      "method_name": String("fooA"),
      "name": String("RemovedTraitMethod"),
      "path": List([
        String("trait_method_missing"),
        String("RemovedTraitMethod"),
      ]),
      "span_begin_line": Uint64(2),
      "span_filename": String("src/lib.rs"),
      "visibility_limit": String("public"),
    },
  ],
}
