---
source: src/query.rs
expression: "&query_execution_results"
---
{
  "./test_crates/trait_method_requires_more_target_features/": [
    {
      "method_name": String("unsafe_method"),
      "name": String("TraitA"),
      "new_feature": String("avx2"),
      "path": List([
        String("trait_method_requires_more_target_features"),
        String("TraitA"),
      ]),
      "span_begin_line": Uint64(10),
      "span_end_line": Uint64(10),
      "span_filename": String("src/lib.rs"),
    },
    {
      "method_name": String("sealed_trait_method"),
      "name": String("TraitSealed"),
      "new_feature": String("avx2"),
      "path": List([
        String("trait_method_requires_more_target_features"),
        String("TraitSealed"),
      ]),
      "span_begin_line": Uint64(16),
      "span_end_line": Uint64(16),
      "span_filename": String("src/lib.rs"),
    },
  ],
}
