---
source: src/query.rs
expression: "&query_execution_results"
---
{
  "./test_crates/trait_method_target_feature_removed/": [
    {
      "feature": String("avx2"),
      "method_name": String("feature_removed"),
      "path": List([
        String("trait_method_target_feature_removed"),
        String("TraitA"),
      ]),
      "span_begin_line": Uint64(21),
      "span_end_line": Uint64(21),
      "span_filename": String("src/lib.rs"),
      "visibility_limit": String("public"),
    },
    {
      "feature": String("avx"),
      "method_name": String("partial_feature_removed"),
      "path": List([
        String("trait_method_target_feature_removed"),
        String("TraitE"),
      ]),
      "span_begin_line": Uint64(33),
      "span_end_line": Uint64(33),
      "span_filename": String("src/lib.rs"),
      "visibility_limit": String("public"),
    },
    {
      "feature": String("bmi1"),
      "method_name": String("feature_removed"),
      "path": List([
        String("trait_method_target_feature_removed"),
        String("FeatureRemovedAndPubApiSealed"),
      ]),
      "span_begin_line": Uint64(86),
      "span_end_line": Uint64(86),
      "span_filename": String("src/lib.rs"),
      "visibility_limit": String("public"),
    },
  ],
}
