---
source: src/query.rs
expression: "&query_execution_results"
---
{
  "./test_crates/trait_method_unsafe_added/": [
    {
      "name": String("TraitBecomesUnsafe"),
      "path": List([
        String("trait_method_unsafe_added"),
        String("TraitBecomesUnsafe"),
      ]),
      "span_begin_line": Uint64(23),
      "span_filename": String("src/lib.rs"),
      "visibility_limit": String("public"),
    },
  ],
  "./test_crates/trait_missing/": [
    {
      "name": String("TraitBecomesUnsafe"),
      "path": List([
        String("trait_missing"),
        String("TraitBecomesUnsafe"),
      ]),
      "span_begin_line": Uint64(9),
      "span_filename": String("src/lib.rs"),
      "visibility_limit": String("public"),
    },
  ],
  "./test_crates/trait_missing_with_major_bump/": [
    {
      "name": String("TraitBecomesUnsafe"),
      "path": List([
        String("trait_missing_with_major_bump"),
        String("TraitBecomesUnsafe"),
      ]),
      "span_begin_line": Uint64(9),
      "span_filename": String("src/lib.rs"),
      "visibility_limit": String("public"),
    },
  ],
  "./test_crates/trait_unsafe_added/": [
    {
      "name": String("TraitBecomesUnsafe"),
      "path": List([
        String("trait_unsafe_added"),
        String("TraitBecomesUnsafe"),
      ]),
      "span_begin_line": Uint64(2),
      "span_filename": String("src/lib.rs"),
      "visibility_limit": String("public"),
    },
  ],
}
