---
source: src/query.rs
assertion_line: 1048
---
{
  "./test_crates/trait_method_receiver_changes/": [
    {
      "method_name": String("self_ref_to_refmut"),
      "name": String("PublicTrait"),
      "path": List([
        String("trait_method_receiver_changes"),
        String("PublicTrait"),
      ]),
      "receiver_kind": String("Self"),
      "span_begin_line": Uint64(6),
      "span_end_line": Uint64(6),
      "span_filename": String("src/lib.rs"),
      "visibility_limit": String("public"),
    },
  ],
}
