---
source: src/query.rs
expression: "&query_execution_results"
---
{
  "./test_crates/constructible_struct_adds_field/": [
    {
      "name": String("TupleToPlainStruct"),
      "path": List([
        String("constructible_struct_adds_field"),
        String("TupleToPlainStruct"),
      ]),
      "span_begin_line": Uint64(59),
      "span_filename": String("src/lib.rs"),
      "visibility_limit": String("public"),
    },
  ],
  "./test_crates/constructible_struct_adds_private_field/": [
    {
      "name": String("TupleToPlainStruct"),
      "path": List([
        String("constructible_struct_adds_private_field"),
        String("TupleToPlainStruct"),
      ]),
      "span_begin_line": Uint64(59),
      "span_filename": String("src/lib.rs"),
      "visibility_limit": String("public"),
    },
  ],
  "./test_crates/tuple_struct_to_plain_struct/": [
    {
      "name": String("TupleToPlainStructPublicFields"),
      "path": List([
        String("tuple_struct_to_plain_struct"),
        String("TupleToPlainStructPublicFields"),
      ]),
      "span_begin_line": Uint64(2),
      "span_filename": String("src/lib.rs"),
      "visibility_limit": String("public"),
    },
    {
      "name": String("TupleToPlainStructEmpty"),
      "path": List([
        String("tuple_struct_to_plain_struct"),
        String("TupleToPlainStructEmpty"),
      ]),
      "span_begin_line": Uint64(24),
      "span_filename": String("src/lib.rs"),
      "visibility_limit": String("public"),
    },
  ],
}
