---
source: src/query.rs
assertion_line: 772
expression: "&query_execution_results"
---
{
  "./test_crates/type_method_receiver_ref_now_mutable/": [
    {
      "method_name": String("public_method"),
      "method_receiver_kind": String("Self"),
      "name": String("PublicEnum"),
      "owner_type": String("Enum"),
      "path": List([
        String("type_method_receiver_ref_now_mutable"),
        String("enums"),
        String("PublicEnum"),
      ]),
      "span_begin_line": Uint64(11),
      "span_end_line": Uint64(11),
      "span_filename": String("src/enums.rs"),
    },
    {
      "method_name": String("public_method_require_box"),
      "method_receiver_kind": String("Box<Self>"),
      "name": String("PublicEnum"),
      "owner_type": String("Enum"),
      "path": List([
        String("type_method_receiver_ref_now_mutable"),
        String("enums"),
        String("PublicEnum"),
      ]),
      "span_begin_line": Uint64(12),
      "span_end_line": Uint64(12),
      "span_filename": String("src/enums.rs"),
    },
    {
      "method_name": String("public_method_require_pin"),
      "method_receiver_kind": String("Pin<&mut Self>"),
      "name": String("PublicEnum"),
      "owner_type": String("Enum"),
      "path": List([
        String("type_method_receiver_ref_now_mutable"),
        String("enums"),
        String("PublicEnum"),
      ]),
      "span_begin_line": Uint64(13),
      "span_end_line": Uint64(13),
      "span_filename": String("src/enums.rs"),
    },
    {
      "method_name": String("public_method_require_pc_box"),
      "method_receiver_kind": String("Rc<Box<Self>>"),
      "name": String("PublicEnum"),
      "owner_type": String("Enum"),
      "path": List([
        String("type_method_receiver_ref_now_mutable"),
        String("enums"),
        String("PublicEnum"),
      ]),
      "span_begin_line": Uint64(14),
      "span_end_line": Uint64(14),
      "span_filename": String("src/enums.rs"),
    },
    {
      "method_name": String("public_method"),
      "method_receiver_kind": String("Self"),
      "name": String("PublicStruct"),
      "owner_type": String("Struct"),
      "path": List([
        String("type_method_receiver_ref_now_mutable"),
        String("structs"),
        String("PublicStruct"),
      ]),
      "span_begin_line": Uint64(11),
      "span_end_line": Uint64(11),
      "span_filename": String("src/structs.rs"),
    },
    {
      "method_name": String("public_method_require_box"),
      "method_receiver_kind": String("Box<Self>"),
      "name": String("PublicStruct"),
      "owner_type": String("Struct"),
      "path": List([
        String("type_method_receiver_ref_now_mutable"),
        String("structs"),
        String("PublicStruct"),
      ]),
      "span_begin_line": Uint64(12),
      "span_end_line": Uint64(12),
      "span_filename": String("src/structs.rs"),
    },
    {
      "method_name": String("public_method_require_pin"),
      "method_receiver_kind": String("Pin<&mut Self>"),
      "name": String("PublicStruct"),
      "owner_type": String("Struct"),
      "path": List([
        String("type_method_receiver_ref_now_mutable"),
        String("structs"),
        String("PublicStruct"),
      ]),
      "span_begin_line": Uint64(13),
      "span_end_line": Uint64(13),
      "span_filename": String("src/structs.rs"),
    },
    {
      "method_name": String("public_method_require_pc_box"),
      "method_receiver_kind": String("Rc<Box<Self>>"),
      "name": String("PublicStruct"),
      "owner_type": String("Struct"),
      "path": List([
        String("type_method_receiver_ref_now_mutable"),
        String("structs"),
        String("PublicStruct"),
      ]),
      "span_begin_line": Uint64(14),
      "span_end_line": Uint64(14),
      "span_filename": String("src/structs.rs"),
    },
    {
      "method_name": String("public_method"),
      "method_receiver_kind": String("Self"),
      "name": String("PublicUnion"),
      "owner_type": String("Union"),
      "path": List([
        String("type_method_receiver_ref_now_mutable"),
        String("unions"),
        String("PublicUnion"),
      ]),
      "span_begin_line": Uint64(11),
      "span_end_line": Uint64(11),
      "span_filename": String("src/unions.rs"),
    },
    {
      "method_name": String("public_method_require_box"),
      "method_receiver_kind": String("Box<Self>"),
      "name": String("PublicUnion"),
      "owner_type": String("Union"),
      "path": List([
        String("type_method_receiver_ref_now_mutable"),
        String("unions"),
        String("PublicUnion"),
      ]),
      "span_begin_line": Uint64(12),
      "span_end_line": Uint64(12),
      "span_filename": String("src/unions.rs"),
    },
    {
      "method_name": String("public_method_require_pin"),
      "method_receiver_kind": String("Pin<&mut Self>"),
      "name": String("PublicUnion"),
      "owner_type": String("Union"),
      "path": List([
        String("type_method_receiver_ref_now_mutable"),
        String("unions"),
        String("PublicUnion"),
      ]),
      "span_begin_line": Uint64(13),
      "span_end_line": Uint64(13),
      "span_filename": String("src/unions.rs"),
    },
    {
      "method_name": String("public_method_require_pc_box"),
      "method_receiver_kind": String("Rc<Box<Self>>"),
      "name": String("PublicUnion"),
      "owner_type": String("Union"),
      "path": List([
        String("type_method_receiver_ref_now_mutable"),
        String("unions"),
        String("PublicUnion"),
      ]),
      "span_begin_line": Uint64(14),
      "span_end_line": Uint64(14),
      "span_filename": String("src/unions.rs"),
    },
  ],
}
