---
source: src/query.rs
expression: "&query_execution_results"
---
{
  "./test_crates/enum_struct_variant_field_marked_deprecated/": [
    {
      "name": String("EnumToBeDeprecated"),
      "owner_type": String("Enum"),
      "path": List([
        String("enum_struct_variant_field_marked_deprecated"),
        String("EnumToBeDeprecated"),
      ]),
      "span_begin_line": Uint64(29),
      "span_end_line": Uint64(36),
      "span_filename": String("src/lib.rs"),
      "visibility_limit": String("public"),
    },
  ],
  "./test_crates/enum_variant_marked_deprecated/": [
    {
      "name": String("EnumToBeDeprecated"),
      "owner_type": String("Enum"),
      "path": List([
        String("enum_variant_marked_deprecated"),
        String("EnumToBeDeprecated"),
      ]),
      "span_begin_line": Uint64(18),
      "span_end_line": Uint64(21),
      "span_filename": String("src/lib.rs"),
      "visibility_limit": String("public"),
    },
  ],
  "./test_crates/struct_field_marked_deprecated/": [
    {
      "name": String("BothBecomeDeprecated"),
      "owner_type": String("Struct"),
      "path": List([
        String("struct_field_marked_deprecated"),
        String("BothBecomeDeprecated"),
      ]),
      "span_begin_line": Uint64(19),
      "span_end_line": Uint64(24),
      "span_filename": String("src/lib.rs"),
      "visibility_limit": String("public"),
    },
    {
      "name": String("StructBecomesDeprecated"),
      "owner_type": String("Struct"),
      "path": List([
        String("struct_field_marked_deprecated"),
        String("StructBecomesDeprecated"),
      ]),
      "span_begin_line": Uint64(28),
      "span_end_line": Uint64(31),
      "span_filename": String("src/lib.rs"),
      "visibility_limit": String("public"),
    },
  ],
  "./test_crates/type_associated_const_marked_deprecated/": [
    {
      "name": String("EnumBecomesDeprecated"),
      "owner_type": String("Enum"),
      "path": List([
        String("type_associated_const_marked_deprecated"),
        String("enums"),
        String("EnumBecomesDeprecated"),
      ]),
      "span_begin_line": Uint64(50),
      "span_end_line": Uint64(52),
      "span_filename": String("src/enums.rs"),
      "visibility_limit": String("public"),
    },
    {
      "name": String("BothBecomeDeprecated"),
      "owner_type": String("Enum"),
      "path": List([
        String("type_associated_const_marked_deprecated"),
        String("enums"),
        String("BothBecomeDeprecated"),
      ]),
      "span_begin_line": Uint64(69),
      "span_end_line": Uint64(72),
      "span_filename": String("src/enums.rs"),
      "visibility_limit": String("public"),
    },
    {
      "name": String("StructBecomesDeprecated"),
      "owner_type": String("Struct"),
      "path": List([
        String("type_associated_const_marked_deprecated"),
        String("structs"),
        String("StructBecomesDeprecated"),
      ]),
      "span_begin_line": Uint64(49),
      "span_end_line": Uint64(51),
      "span_filename": String("src/structs.rs"),
      "visibility_limit": String("public"),
    },
    {
      "name": String("BothBecomeDeprecated"),
      "owner_type": String("Struct"),
      "path": List([
        String("type_associated_const_marked_deprecated"),
        String("structs"),
        String("BothBecomeDeprecated"),
      ]),
      "span_begin_line": Uint64(68),
      "span_end_line": Uint64(70),
      "span_filename": String("src/structs.rs"),
      "visibility_limit": String("public"),
    },
    {
      "name": String("UnionBecomesDeprecated"),
      "owner_type": String("Union"),
      "path": List([
        String("type_associated_const_marked_deprecated"),
        String("unions"),
        String("UnionBecomesDeprecated"),
      ]),
      "span_begin_line": Uint64(50),
      "span_end_line": Uint64(52),
      "span_filename": String("src/unions.rs"),
      "visibility_limit": String("public"),
    },
    {
      "name": String("BothBecomeDeprecated"),
      "owner_type": String("Union"),
      "path": List([
        String("type_associated_const_marked_deprecated"),
        String("unions"),
        String("BothBecomeDeprecated"),
      ]),
      "span_begin_line": Uint64(69),
      "span_end_line": Uint64(71),
      "span_filename": String("src/unions.rs"),
      "visibility_limit": String("public"),
    },
  ],
  "./test_crates/type_marked_deprecated/": [
    {
      "name": String("EnumToDeprecatedEnum"),
      "owner_type": String("Enum"),
      "path": List([
        String("type_marked_deprecated"),
        String("enums"),
        String("EnumToDeprecatedEnum"),
      ]),
      "span_begin_line": Uint64(5),
      "span_end_line": Uint64(7),
      "span_filename": String("src/enums.rs"),
      "visibility_limit": String("public"),
    },
    {
      "name": String("EnumToDeprecatedMessageEnum"),
      "owner_type": String("Enum"),
      "path": List([
        String("type_marked_deprecated"),
        String("enums"),
        String("EnumToDeprecatedMessageEnum"),
      ]),
      "span_begin_line": Uint64(10),
      "span_end_line": Uint64(12),
      "span_filename": String("src/enums.rs"),
      "visibility_limit": String("public"),
    },
    {
      "name": String("StructToDeprecatedStruct"),
      "owner_type": String("Struct"),
      "path": List([
        String("type_marked_deprecated"),
        String("structs"),
        String("StructToDeprecatedStruct"),
      ]),
      "span_begin_line": Uint64(5),
      "span_end_line": Uint64(7),
      "span_filename": String("src/structs.rs"),
      "visibility_limit": String("public"),
    },
    {
      "name": String("StructToDeprecatedMessageStruct"),
      "owner_type": String("Struct"),
      "path": List([
        String("type_marked_deprecated"),
        String("structs"),
        String("StructToDeprecatedMessageStruct"),
      ]),
      "span_begin_line": Uint64(10),
      "span_end_line": Uint64(12),
      "span_filename": String("src/structs.rs"),
      "visibility_limit": String("public"),
    },
    {
      "name": String("UnionToDeprecatedUnion"),
      "owner_type": String("Union"),
      "path": List([
        String("type_marked_deprecated"),
        String("unions"),
        String("UnionToDeprecatedUnion"),
      ]),
      "span_begin_line": Uint64(5),
      "span_end_line": Uint64(7),
      "span_filename": String("src/unions.rs"),
      "visibility_limit": String("public"),
    },
    {
      "name": String("UnionToDeprecatedMessageUnion"),
      "owner_type": String("Union"),
      "path": List([
        String("type_marked_deprecated"),
        String("unions"),
        String("UnionToDeprecatedMessageUnion"),
      ]),
      "span_begin_line": Uint64(10),
      "span_end_line": Uint64(12),
      "span_filename": String("src/unions.rs"),
      "visibility_limit": String("public"),
    },
  ],
  "./test_crates/type_method_marked_deprecated/": [
    {
      "name": String("EnumBecomesDeprecated"),
      "owner_type": String("Enum"),
      "path": List([
        String("type_method_marked_deprecated"),
        String("enums"),
        String("EnumBecomesDeprecated"),
      ]),
      "span_begin_line": Uint64(64),
      "span_end_line": Uint64(67),
      "span_filename": String("src/enums.rs"),
      "visibility_limit": String("public"),
    },
    {
      "name": String("BothEnumAndMethodDeprecated"),
      "owner_type": String("Enum"),
      "path": List([
        String("type_method_marked_deprecated"),
        String("enums"),
        String("BothEnumAndMethodDeprecated"),
      ]),
      "span_begin_line": Uint64(82),
      "span_end_line": Uint64(84),
      "span_filename": String("src/enums.rs"),
      "visibility_limit": String("public"),
    },
    {
      "name": String("StructBecomesDeprecated"),
      "owner_type": String("Struct"),
      "path": List([
        String("type_method_marked_deprecated"),
        String("structs"),
        String("StructBecomesDeprecated"),
      ]),
      "span_begin_line": Uint64(63),
      "span_end_line": Uint64(65),
      "span_filename": String("src/structs.rs"),
      "visibility_limit": String("public"),
    },
    {
      "name": String("BothStructAndMethodDeprecated"),
      "owner_type": String("Struct"),
      "path": List([
        String("type_method_marked_deprecated"),
        String("structs"),
        String("BothStructAndMethodDeprecated"),
      ]),
      "span_begin_line": Uint64(80),
      "span_end_line": Uint64(82),
      "span_filename": String("src/structs.rs"),
      "visibility_limit": String("public"),
    },
    {
      "name": String("UnionBecomesDeprecated"),
      "owner_type": String("Union"),
      "path": List([
        String("type_method_marked_deprecated"),
        String("unions"),
        String("UnionBecomesDeprecated"),
      ]),
      "span_begin_line": Uint64(64),
      "span_end_line": Uint64(67),
      "span_filename": String("src/unions.rs"),
      "visibility_limit": String("public"),
    },
    {
      "name": String("BothUnionAndMethodDeprecated"),
      "owner_type": String("Union"),
      "path": List([
        String("type_method_marked_deprecated"),
        String("unions"),
        String("BothUnionAndMethodDeprecated"),
      ]),
      "span_begin_line": Uint64(82),
      "span_end_line": Uint64(85),
      "span_filename": String("src/unions.rs"),
      "visibility_limit": String("public"),
    },
  ],
}
