---
source: src/query.rs
expression: "&query_execution_results"
---
{
  "./test_crates/repr_packed_added_removed/": [
    {
      "name": String("UnionBecomesPackedAndPrivate"),
      "path": List([
        String("repr_packed_added_removed"),
        String("UnionBecomesPackedAndPrivate"),
      ]),
      "span_begin_line": Uint64(41),
      "span_filename": String("src/lib.rs"),
      "visibility_limit": String("public"),
    },
    {
      "name": String("UnionBecomesUnpackedAndPrivate"),
      "path": List([
        String("repr_packed_added_removed"),
        String("UnionBecomesUnpackedAndPrivate"),
      ]),
      "span_begin_line": Uint64(47),
      "span_filename": String("src/lib.rs"),
      "visibility_limit": String("public"),
    },
  ],
  "./test_crates/union_field_missing/": [
    {
      "name": String("PubUnionBecomesPrivateAndPubFieldRemoved"),
      "path": List([
        String("union_field_missing"),
        String("PubUnionBecomesPrivateAndPubFieldRemoved"),
      ]),
      "span_begin_line": Uint64(26),
      "span_filename": String("src/lib.rs"),
      "visibility_limit": String("public"),
    },
  ],
  "./test_crates/union_missing/": [
    {
      "name": String("PubUnionRemoved"),
      "path": List([
        String("union_missing"),
        String("PubUnionRemoved"),
      ]),
      "span_begin_line": Uint64(1),
      "span_filename": String("src/lib.rs"),
      "visibility_limit": String("public"),
    },
    {
      "name": String("PubUnionBecomesPrivate"),
      "path": List([
        String("union_missing"),
        String("PubUnionBecomesPrivate"),
      ]),
      "span_begin_line": Uint64(5),
      "span_filename": String("src/lib.rs"),
      "visibility_limit": String("public"),
    },
    {
      "name": String("PubUnion"),
      "path": List([
        String("union_missing"),
        String("PubUseUnionRemoved"),
      ]),
      "span_begin_line": Uint64(10),
      "span_filename": String("src/lib.rs"),
      "visibility_limit": String("public"),
    },
  ],
}
