---
source: src/query.rs
expression: "&query_execution_results"
snapshot_kind: text
---
{
  "./test_crates/union_field_added/": [
    {
      "field_name": String("b"),
      "path": List([
        String("union_field_added"),
        String("FieldBecameNonPublicAPI"),
      ]),
      "span_begin_line": Uint64(67),
      "span_end_line": Uint64(74),
      "span_filename": String("src/lib.rs"),
      "union_name": String("FieldBecameNonPublicAPI"),
    },
  ],
  "./test_crates/union_now_doc_hidden/": [
    {
      "field_name": String("my_field"),
      "path": List([
        String("union_now_doc_hidden"),
        String("PublicUnionHiddenField"),
      ]),
      "span_begin_line": Uint64(9),
      "span_end_line": Uint64(15),
      "span_filename": String("src/lib.rs"),
      "union_name": String("PublicUnionHiddenField"),
    },
  ],
  "./test_crates/union_pub_field_now_doc_hidden/": [
    {
      "field_name": String("my_field"),
      "path": List([
        String("union_pub_field_now_doc_hidden"),
        String("PublicUnionDocHiddenField"),
      ]),
      "span_begin_line": Uint64(11),
      "span_end_line": Uint64(15),
      "span_filename": String("src/lib.rs"),
      "union_name": String("PublicUnionDocHiddenField"),
    },
    {
      "field_name": String("f1"),
      "path": List([
        String("union_pub_field_now_doc_hidden"),
        String("PublicUnionBothFieldAndUnionDocHidden"),
      ]),
      "span_begin_line": Uint64(32),
      "span_end_line": Uint64(36),
      "span_filename": String("src/lib.rs"),
      "union_name": String("PublicUnionBothFieldAndUnionDocHidden"),
    },
  ],
}
