---
source: src/query.rs
expression: "&query_execution_results"
---
{
  "./test_crates/union_now_doc_hidden/": [
    {
      "field_name": String("my_field"),
      "path": List([
        String("union_now_doc_hidden"),
        String("PublicUnionHiddenField"),
      ]),
      "span_begin_line": Uint64(7),
      "span_filename": String("src/lib.rs"),
      "union_name": String("PublicUnionHiddenField"),
    },
  ],
  "./test_crates/union_pub_field_now_doc_hidden/": [
    {
      "field_name": String("my_field"),
      "path": List([
        String("union_pub_field_now_doc_hidden"),
        String("PublicUnionDocHiddenField"),
      ]),
      "span_begin_line": Uint64(9),
      "span_filename": String("src/lib.rs"),
      "union_name": String("PublicUnionDocHiddenField"),
    },
    {
      "field_name": String("f1"),
      "path": List([
        String("union_pub_field_now_doc_hidden"),
        String("PublicUnionBothFieldAndUnionDocHidden"),
      ]),
      "span_begin_line": Uint64(30),
      "span_filename": String("src/lib.rs"),
      "union_name": String("PublicUnionBothFieldAndUnionDocHidden"),
    },
  ],
}
