---
source: src/query.rs
expression: "&query_execution_results"
---
{
  "./test_crates/union_field_missing/": [
    {
      "field_name": String("f2"),
      "path": List([
        String("union_field_missing"),
        String("PubUnionPubFieldRenamed"),
      ]),
      "span_begin_line": Uint64(16),
      "span_filename": String("src/lib.rs"),
      "union_name": String("PubUnionPubFieldRenamed"),
    },
    {
      "field_name": String("f2"),
      "path": List([
        String("union_field_missing"),
        String("PubUnionPubFieldRemoved"),
      ]),
      "span_begin_line": Uint64(22),
      "span_filename": String("src/lib.rs"),
      "union_name": String("PubUnionPubFieldRemoved"),
    },
  ],
}
