---
source: src/query.rs
assertion_line: 1073
---
{
  "./test_crates/type_associated_const_marked_deprecated/": [
    {
      "name": String("UnionBecomesDeprecated"),
      "path": List([
        String("type_associated_const_marked_deprecated"),
        String("unions"),
        String("UnionBecomesDeprecated"),
      ]),
      "span_begin_line": Uint64(50),
      "span_end_line": Uint64(52),
      "span_filename": String("src\\unions.rs"),
      "visibility_limit": String("public"),
    },
    {
      "name": String("BothBecomeDeprecated"),
      "path": List([
        String("type_associated_const_marked_deprecated"),
        String("unions"),
        String("BothBecomeDeprecated"),
      ]),
      "span_begin_line": Uint64(69),
      "span_end_line": Uint64(71),
      "span_filename": String("src\\unions.rs"),
      "visibility_limit": String("public"),
    },
  ],
  "./test_crates/type_marked_deprecated/": [
    {
      "name": String("UnionToDeprecatedUnion"),
      "path": List([
        String("type_marked_deprecated"),
        String("unions"),
        String("UnionToDeprecatedUnion"),
      ]),
      "span_begin_line": Uint64(5),
      "span_end_line": Uint64(7),
      "span_filename": String("src\\unions.rs"),
      "visibility_limit": String("public"),
    },
    {
      "name": String("UnionToDeprecatedMessageUnion"),
      "path": List([
        String("type_marked_deprecated"),
        String("unions"),
        String("UnionToDeprecatedMessageUnion"),
      ]),
      "span_begin_line": Uint64(10),
      "span_end_line": Uint64(12),
      "span_filename": String("src\\unions.rs"),
      "visibility_limit": String("public"),
    },
  ],
  "./test_crates/type_method_marked_deprecated/": [
    {
      "name": String("UnionBecomesDeprecated"),
      "path": List([
        String("type_method_marked_deprecated"),
        String("unions"),
        String("UnionBecomesDeprecated"),
      ]),
      "span_begin_line": Uint64(64),
      "span_end_line": Uint64(67),
      "span_filename": String("src\\unions.rs"),
      "visibility_limit": String("public"),
    },
    {
      "name": String("BothUnionAndMethodDeprecated"),
      "path": List([
        String("type_method_marked_deprecated"),
        String("unions"),
        String("BothUnionAndMethodDeprecated"),
      ]),
      "span_begin_line": Uint64(82),
      "span_end_line": Uint64(85),
      "span_filename": String("src\\unions.rs"),
      "visibility_limit": String("public"),
    },
  ],
  "./test_crates/union_marked_deprecated/": [
    {
      "name": String("UnionToDeprecatedUnion"),
      "path": List([
        String("union_marked_deprecated"),
        String("UnionToDeprecatedUnion"),
      ]),
      "span_begin_line": Uint64(7),
      "span_end_line": Uint64(9),
      "span_filename": String("src\\lib.rs"),
      "visibility_limit": String("public"),
    },
    {
      "name": String("UnionToDeprecatedMessageUnion"),
      "path": List([
        String("union_marked_deprecated"),
        String("UnionToDeprecatedMessageUnion"),
      ]),
      "span_begin_line": Uint64(12),
      "span_end_line": Uint64(14),
      "span_filename": String("src\\lib.rs"),
      "visibility_limit": String("public"),
    },
  ],
}
